mode: set
github.com/pablontiv/roadmapctl/internal/templates/bootstrap.go:6.56,42.2 1 1
github.com/pablontiv/roadmapctl/internal/reports/reports.go:20.35,24.2 1 1
github.com/pablontiv/roadmapctl/internal/reports/reports.go:26.86,30.2 2 1
github.com/pablontiv/roadmapctl/internal/reports/reports.go:32.42,34.2 1 1
github.com/pablontiv/roadmapctl/internal/reports/reports.go:36.46,39.2 2 1
github.com/pablontiv/roadmapctl/internal/reports/reports.go:41.46,43.2 1 1
github.com/pablontiv/roadmapctl/internal/testutil/golden.go:12.52,15.2 2 1
github.com/pablontiv/roadmapctl/internal/testutil/golden.go:17.101,21.16 4 1
github.com/pablontiv/roadmapctl/internal/testutil/golden.go:21.16,23.3 1 0
github.com/pablontiv/roadmapctl/internal/testutil/golden.go:24.2,26.36 3 1
github.com/pablontiv/roadmapctl/internal/testutil/golden.go:26.36,28.3 1 0
github.com/pablontiv/roadmapctl/internal/testutil/golden.go:31.86,34.53 3 1
github.com/pablontiv/roadmapctl/internal/testutil/golden.go:34.53,36.3 1 0
github.com/pablontiv/roadmapctl/internal/testutil/golden.go:37.2,42.46 6 1
github.com/pablontiv/roadmapctl/internal/testutil/golden.go:42.46,44.3 1 0
github.com/pablontiv/roadmapctl/internal/testutil/golden.go:45.2,45.20 1 1
github.com/pablontiv/roadmapctl/internal/testutil/golden.go:48.68,49.27 1 1
github.com/pablontiv/roadmapctl/internal/testutil/golden.go:50.22,52.28 2 1
github.com/pablontiv/roadmapctl/internal/testutil/golden.go:52.28,53.33 1 1
github.com/pablontiv/roadmapctl/internal/testutil/golden.go:53.33,55.13 2 1
github.com/pablontiv/roadmapctl/internal/testutil/golden.go:57.4,57.49 1 1
github.com/pablontiv/roadmapctl/internal/testutil/golden.go:59.3,59.13 1 1
github.com/pablontiv/roadmapctl/internal/testutil/golden.go:60.13,62.26 2 1
github.com/pablontiv/roadmapctl/internal/testutil/golden.go:62.26,64.4 1 1
github.com/pablontiv/roadmapctl/internal/testutil/golden.go:65.3,65.13 1 1
github.com/pablontiv/roadmapctl/internal/testutil/golden.go:66.14,67.46 1 1
github.com/pablontiv/roadmapctl/internal/testutil/golden.go:68.10,69.11 1 0
github.com/pablontiv/roadmapctl/internal/testutil/golden.go:73.79,77.37 4 1
github.com/pablontiv/roadmapctl/internal/testutil/golden.go:77.37,80.3 2 1
github.com/pablontiv/roadmapctl/internal/testutil/golden.go:82.2,82.34 1 1
github.com/pablontiv/roadmapctl/internal/testutil/golden.go:82.34,83.39 1 1
github.com/pablontiv/roadmapctl/internal/testutil/golden.go:83.39,84.47 1 1
github.com/pablontiv/roadmapctl/internal/testutil/golden.go:84.47,86.5 1 1
github.com/pablontiv/roadmapctl/internal/testutil/golden.go:89.2,89.26 1 1
github.com/pablontiv/roadmapctl/internal/testutil/golden.go:89.26,91.3 1 1
github.com/pablontiv/roadmapctl/internal/testutil/golden.go:92.2,92.14 1 1
github.com/pablontiv/roadmapctl/internal/testutil/golden.go:95.51,97.30 2 1
github.com/pablontiv/roadmapctl/internal/testutil/golden.go:97.30,99.3 1 0
github.com/pablontiv/roadmapctl/internal/testutil/golden.go:102.40,103.27 1 1
github.com/pablontiv/roadmapctl/internal/testutil/golden.go:104.14,105.34 1 1
github.com/pablontiv/roadmapctl/internal/testutil/golden.go:106.22,107.26 1 1
github.com/pablontiv/roadmapctl/internal/testutil/golden.go:107.26,108.31 1 1
github.com/pablontiv/roadmapctl/internal/testutil/golden.go:108.31,110.5 1 1
github.com/pablontiv/roadmapctl/internal/testutil/golden.go:112.13,113.26 1 1
github.com/pablontiv/roadmapctl/internal/testutil/golden.go:113.26,114.31 1 1
github.com/pablontiv/roadmapctl/internal/testutil/golden.go:114.31,116.5 1 1
github.com/pablontiv/roadmapctl/internal/testutil/golden.go:119.2,119.14 1 1
github.com/pablontiv/roadmapctl/internal/testutil/golden.go:122.59,125.53 3 1
github.com/pablontiv/roadmapctl/internal/testutil/golden.go:125.53,127.3 1 0
github.com/pablontiv/roadmapctl/internal/testutil/golden.go:128.2,128.14 1 1
github.com/pablontiv/roadmapctl/internal/testutil/golden.go:131.74,134.35 3 1
github.com/pablontiv/roadmapctl/internal/testutil/golden.go:134.35,136.29 2 1
github.com/pablontiv/roadmapctl/internal/testutil/golden.go:136.29,138.4 1 1
github.com/pablontiv/roadmapctl/internal/testutil/golden.go:140.2,140.59 1 0
github.com/pablontiv/roadmapctl/internal/testutil/golden.go:143.94,145.17 2 1
github.com/pablontiv/roadmapctl/internal/testutil/golden.go:145.17,147.3 1 0
github.com/pablontiv/roadmapctl/internal/testutil/golden.go:148.2,148.23 1 1
github.com/pablontiv/roadmapctl/internal/testutil/golden.go:148.23,150.3 1 0
github.com/pablontiv/roadmapctl/internal/testutil/golden.go:153.41,156.2 2 1
github.com/pablontiv/roadmapctl/cmd/roadmapctl/main.go:14.13,16.2 1 1
github.com/pablontiv/roadmapctl/cmd/roadmapctl/main.go:18.81,20.2 1 1
github.com/pablontiv/roadmapctl/internal/lint/markdown.go:47.61,54.76 7 1
github.com/pablontiv/roadmapctl/internal/lint/markdown.go:54.76,55.31 1 1
github.com/pablontiv/roadmapctl/internal/lint/markdown.go:56.22,59.33 3 1
github.com/pablontiv/roadmapctl/internal/lint/markdown.go:60.22,61.88 1 1
github.com/pablontiv/roadmapctl/internal/lint/markdown.go:64.2,64.17 1 1
github.com/pablontiv/roadmapctl/internal/lint/markdown.go:67.56,68.37 1 1
github.com/pablontiv/roadmapctl/internal/lint/markdown.go:68.37,69.27 1 1
github.com/pablontiv/roadmapctl/internal/lint/markdown.go:69.27,71.4 1 1
github.com/pablontiv/roadmapctl/internal/lint/markdown.go:73.2,73.14 1 1
github.com/pablontiv/roadmapctl/internal/lint/markdown.go:76.65,77.26 1 1
github.com/pablontiv/roadmapctl/internal/lint/markdown.go:77.26,78.37 1 1
github.com/pablontiv/roadmapctl/internal/lint/markdown.go:78.37,80.4 1 1
github.com/pablontiv/roadmapctl/internal/lint/markdown.go:82.2,82.12 1 1
github.com/pablontiv/roadmapctl/internal/lint/markdown.go:85.91,87.76 2 1
github.com/pablontiv/roadmapctl/internal/lint/markdown.go:87.76,88.30 1 1
github.com/pablontiv/roadmapctl/internal/lint/markdown.go:89.28,90.56 1 1
github.com/pablontiv/roadmapctl/internal/lint/markdown.go:91.25,92.79 1 1
github.com/pablontiv/roadmapctl/internal/lint/markdown.go:95.2,95.14 1 1
github.com/pablontiv/roadmapctl/internal/lint/markdown.go:98.61,100.75 2 1
github.com/pablontiv/roadmapctl/internal/lint/markdown.go:100.75,101.46 1 1
github.com/pablontiv/roadmapctl/internal/lint/markdown.go:101.46,102.12 1 0
github.com/pablontiv/roadmapctl/internal/lint/markdown.go:104.3,104.103 1 1
github.com/pablontiv/roadmapctl/internal/lint/markdown.go:106.2,106.14 1 1
github.com/pablontiv/roadmapctl/internal/lint/markdown.go:109.44,111.29 2 1
github.com/pablontiv/roadmapctl/internal/lint/markdown.go:111.29,113.3 1 1
github.com/pablontiv/roadmapctl/internal/lint/markdown.go:114.2,114.12 1 1
github.com/pablontiv/roadmapctl/internal/lint/markdown.go:117.55,119.84 2 1
github.com/pablontiv/roadmapctl/internal/lint/markdown.go:119.84,120.33 1 1
github.com/pablontiv/roadmapctl/internal/lint/markdown.go:120.33,122.4 1 1
github.com/pablontiv/roadmapctl/internal/lint/markdown.go:123.3,123.32 1 1
github.com/pablontiv/roadmapctl/internal/lint/markdown.go:124.19,125.54 1 1
github.com/pablontiv/roadmapctl/internal/lint/markdown.go:126.21,127.46 1 0
github.com/pablontiv/roadmapctl/internal/lint/markdown.go:129.3,129.32 1 1
github.com/pablontiv/roadmapctl/internal/lint/markdown.go:131.2,131.68 1 1
github.com/pablontiv/roadmapctl/internal/lint/markdown.go:134.56,136.84 2 1
github.com/pablontiv/roadmapctl/internal/lint/markdown.go:136.84,137.16 1 1
github.com/pablontiv/roadmapctl/internal/lint/markdown.go:137.16,139.4 1 1
github.com/pablontiv/roadmapctl/internal/lint/markdown.go:140.3,141.10 2 1
github.com/pablontiv/roadmapctl/internal/lint/markdown.go:141.10,143.4 1 1
github.com/pablontiv/roadmapctl/internal/lint/markdown.go:144.3,145.32 2 1
github.com/pablontiv/roadmapctl/internal/lint/markdown.go:147.2,147.14 1 1
github.com/pablontiv/roadmapctl/internal/lint/markdown.go:150.55,154.2 3 1
github.com/pablontiv/roadmapctl/internal/lint/markdown.go:158.44,160.32 2 1
github.com/pablontiv/roadmapctl/internal/lint/markdown.go:160.32,161.42 1 1
github.com/pablontiv/roadmapctl/internal/lint/markdown.go:161.42,163.4 1 1
github.com/pablontiv/roadmapctl/internal/lint/markdown.go:165.2,165.15 1 1
github.com/pablontiv/roadmapctl/internal/lint/markdown.go:168.54,170.38 2 1
github.com/pablontiv/roadmapctl/internal/lint/markdown.go:170.38,172.3 1 1
github.com/pablontiv/roadmapctl/internal/lint/markdown.go:173.2,173.45 1 1
github.com/pablontiv/roadmapctl/internal/lint/markdown.go:176.58,177.46 1 1
github.com/pablontiv/roadmapctl/internal/lint/markdown.go:177.46,179.3 1 1
github.com/pablontiv/roadmapctl/internal/lint/markdown.go:180.2,180.76 1 1
github.com/pablontiv/roadmapctl/internal/lint/markdown.go:180.76,181.52 1 1
github.com/pablontiv/roadmapctl/internal/lint/markdown.go:181.52,183.4 1 1
github.com/pablontiv/roadmapctl/internal/lint/markdown.go:185.2,185.10 1 0
github.com/pablontiv/roadmapctl/internal/lint/markdown.go:188.52,190.28 2 1
github.com/pablontiv/roadmapctl/internal/lint/markdown.go:190.28,191.21 1 1
github.com/pablontiv/roadmapctl/internal/lint/markdown.go:191.21,192.9 1 1
github.com/pablontiv/roadmapctl/internal/lint/markdown.go:194.3,194.9 1 1
github.com/pablontiv/roadmapctl/internal/lint/markdown.go:196.2,196.17 1 1
github.com/pablontiv/roadmapctl/internal/lint/schema_portability.go:19.78,22.86 3 1
github.com/pablontiv/roadmapctl/internal/lint/schema_portability.go:22.86,23.17 1 1
github.com/pablontiv/roadmapctl/internal/lint/schema_portability.go:23.17,25.4 1 0
github.com/pablontiv/roadmapctl/internal/lint/schema_portability.go:26.3,26.21 1 1
github.com/pablontiv/roadmapctl/internal/lint/schema_portability.go:26.21,27.69 1 1
github.com/pablontiv/roadmapctl/internal/lint/schema_portability.go:27.69,29.5 1 1
github.com/pablontiv/roadmapctl/internal/lint/schema_portability.go:30.4,30.14 1 1
github.com/pablontiv/roadmapctl/internal/lint/schema_portability.go:32.3,33.17 2 1
github.com/pablontiv/roadmapctl/internal/lint/schema_portability.go:33.17,35.4 1 0
github.com/pablontiv/roadmapctl/internal/lint/schema_portability.go:36.3,37.62 2 1
github.com/pablontiv/roadmapctl/internal/lint/schema_portability.go:37.62,39.4 1 0
github.com/pablontiv/roadmapctl/internal/lint/schema_portability.go:40.3,40.13 1 1
github.com/pablontiv/roadmapctl/internal/lint/schema_portability.go:42.2,42.16 1 1
github.com/pablontiv/roadmapctl/internal/lint/schema_portability.go:42.16,44.3 1 0
github.com/pablontiv/roadmapctl/internal/lint/schema_portability.go:45.2,46.19 2 1
github.com/pablontiv/roadmapctl/internal/lint/schema_portability.go:49.83,51.16 2 1
github.com/pablontiv/roadmapctl/internal/lint/schema_portability.go:51.16,53.3 1 0
github.com/pablontiv/roadmapctl/internal/lint/schema_portability.go:54.2,56.32 3 1
github.com/pablontiv/roadmapctl/internal/lint/schema_portability.go:56.32,59.33 3 1
github.com/pablontiv/roadmapctl/internal/lint/schema_portability.go:59.33,61.12 2 1
github.com/pablontiv/roadmapctl/internal/lint/schema_portability.go:63.3,63.27 1 1
github.com/pablontiv/roadmapctl/internal/lint/schema_portability.go:65.2,65.19 1 1
github.com/pablontiv/roadmapctl/internal/lint/schema_portability.go:68.94,71.51 3 1
github.com/pablontiv/roadmapctl/internal/lint/schema_portability.go:71.51,72.34 1 1
github.com/pablontiv/roadmapctl/internal/lint/schema_portability.go:72.34,74.4 1 1
github.com/pablontiv/roadmapctl/internal/lint/schema_portability.go:76.2,78.52 3 1
github.com/pablontiv/roadmapctl/internal/lint/schema_portability.go:78.52,80.3 1 1
github.com/pablontiv/roadmapctl/internal/lint/schema_portability.go:81.2,82.14 2 1
github.com/pablontiv/roadmapctl/internal/lint/schema_portability.go:85.81,88.57 3 1
github.com/pablontiv/roadmapctl/internal/lint/schema_portability.go:88.57,90.3 1 1
github.com/pablontiv/roadmapctl/internal/lint/schema_portability.go:91.2,93.14 3 1
github.com/pablontiv/roadmapctl/internal/lint/schema_portability.go:96.78,99.35 3 1
github.com/pablontiv/roadmapctl/internal/lint/schema_portability.go:99.35,101.3 1 0
github.com/pablontiv/roadmapctl/internal/lint/schema_portability.go:102.2,102.75 1 1
github.com/pablontiv/roadmapctl/internal/lint/schema_portability.go:102.75,104.3 1 1
github.com/pablontiv/roadmapctl/internal/lint/schema_portability.go:105.2,105.12 1 1
github.com/pablontiv/roadmapctl/internal/lint/schema_portability.go:108.82,110.57 2 1
github.com/pablontiv/roadmapctl/internal/lint/schema_portability.go:110.57,112.96 2 1
github.com/pablontiv/roadmapctl/internal/lint/schema_portability.go:112.96,113.12 1 1
github.com/pablontiv/roadmapctl/internal/lint/schema_portability.go:115.3,115.31 1 1
github.com/pablontiv/roadmapctl/internal/lint/schema_portability.go:115.31,116.12 1 0
github.com/pablontiv/roadmapctl/internal/lint/schema_portability.go:118.3,118.235 1 1
github.com/pablontiv/roadmapctl/internal/lint/schema_portability.go:120.2,120.14 1 1
github.com/pablontiv/roadmapctl/internal/lint/schema_portability.go:123.45,124.44 1 1
github.com/pablontiv/roadmapctl/internal/lint/schema_portability.go:124.44,125.35 1 1
github.com/pablontiv/roadmapctl/internal/lint/schema_portability.go:125.35,127.4 1 1
github.com/pablontiv/roadmapctl/internal/lint/schema_portability.go:129.2,129.14 1 1
github.com/pablontiv/roadmapctl/internal/lint/schema_portability.go:132.51,133.75 1 1
github.com/pablontiv/roadmapctl/internal/lint/schema_portability.go:133.75,134.29 1 1
github.com/pablontiv/roadmapctl/internal/lint/schema_portability.go:134.29,136.4 1 0
github.com/pablontiv/roadmapctl/internal/lint/schema_portability.go:138.2,138.14 1 1
github.com/pablontiv/roadmapctl/internal/lint/schema_portability.go:141.34,142.31 1 1
github.com/pablontiv/roadmapctl/internal/lint/schema_portability.go:143.13,144.15 1 1
github.com/pablontiv/roadmapctl/internal/lint/schema_portability.go:145.16,147.30 2 1
github.com/pablontiv/roadmapctl/internal/lint/schema_portability.go:147.30,149.4 1 1
github.com/pablontiv/roadmapctl/internal/lint/schema_portability.go:150.3,150.15 1 1
github.com/pablontiv/roadmapctl/internal/lint/schema_portability.go:151.10,152.13 1 1
github.com/pablontiv/roadmapctl/internal/lint/schema_portability.go:156.36,159.2 2 1
github.com/pablontiv/roadmapctl/internal/lint/schema_portability.go:161.46,165.33 4 1
github.com/pablontiv/roadmapctl/internal/lint/schema_portability.go:165.33,167.3 1 1
github.com/pablontiv/roadmapctl/internal/lint/schema_portability.go:168.2,168.11 1 1
github.com/pablontiv/roadmapctl/internal/lint/schema_portability.go:171.109,173.2 1 1
github.com/pablontiv/roadmapctl/internal/lint/schema_portability.go:175.85,177.2 1 1
github.com/pablontiv/roadmapctl/internal/lint/task_sections.go:24.71,27.86 3 1
github.com/pablontiv/roadmapctl/internal/lint/task_sections.go:27.86,28.17 1 1
github.com/pablontiv/roadmapctl/internal/lint/task_sections.go:28.17,30.4 1 0
github.com/pablontiv/roadmapctl/internal/lint/task_sections.go:31.3,31.70 1 1
github.com/pablontiv/roadmapctl/internal/lint/task_sections.go:31.70,33.4 1 1
github.com/pablontiv/roadmapctl/internal/lint/task_sections.go:34.3,35.17 2 1
github.com/pablontiv/roadmapctl/internal/lint/task_sections.go:35.17,37.4 1 0
github.com/pablontiv/roadmapctl/internal/lint/task_sections.go:38.3,39.13 2 1
github.com/pablontiv/roadmapctl/internal/lint/task_sections.go:41.2,41.16 1 1
github.com/pablontiv/roadmapctl/internal/lint/task_sections.go:41.16,43.3 1 0
github.com/pablontiv/roadmapctl/internal/lint/task_sections.go:44.2,45.19 2 1
github.com/pablontiv/roadmapctl/internal/lint/task_sections.go:48.77,50.16 2 1
github.com/pablontiv/roadmapctl/internal/lint/task_sections.go:50.16,52.3 1 0
github.com/pablontiv/roadmapctl/internal/lint/task_sections.go:53.2,54.16 2 1
github.com/pablontiv/roadmapctl/internal/lint/task_sections.go:54.16,56.3 1 0
github.com/pablontiv/roadmapctl/internal/lint/task_sections.go:57.2,58.47 2 1
github.com/pablontiv/roadmapctl/internal/lint/task_sections.go:58.47,59.31 1 1
github.com/pablontiv/roadmapctl/internal/lint/task_sections.go:59.31,61.4 1 1
github.com/pablontiv/roadmapctl/internal/lint/task_sections.go:63.2,63.106 1 1
github.com/pablontiv/roadmapctl/internal/lint/task_sections.go:63.106,65.3 1 1
github.com/pablontiv/roadmapctl/internal/lint/task_sections.go:66.2,66.98 1 1
github.com/pablontiv/roadmapctl/internal/lint/task_sections.go:66.98,68.3 1 1
github.com/pablontiv/roadmapctl/internal/lint/task_sections.go:69.2,69.19 1 1
github.com/pablontiv/roadmapctl/internal/lint/task_sections.go:72.94,74.39 2 1
github.com/pablontiv/roadmapctl/internal/lint/task_sections.go:74.39,75.34 1 1
github.com/pablontiv/roadmapctl/internal/lint/task_sections.go:75.34,76.12 1 1
github.com/pablontiv/roadmapctl/internal/lint/task_sections.go:78.3,80.43 3 1
github.com/pablontiv/roadmapctl/internal/lint/task_sections.go:80.43,81.35 1 1
github.com/pablontiv/roadmapctl/internal/lint/task_sections.go:81.35,83.10 2 1
github.com/pablontiv/roadmapctl/internal/lint/task_sections.go:86.3,86.54 1 1
github.com/pablontiv/roadmapctl/internal/lint/task_sections.go:86.54,88.4 1 0
github.com/pablontiv/roadmapctl/internal/lint/task_sections.go:89.3,89.52 1 1
github.com/pablontiv/roadmapctl/internal/lint/task_sections.go:91.2,91.18 1 0
github.com/pablontiv/roadmapctl/internal/lint/task_sections.go:94.39,95.52 1 1
github.com/pablontiv/roadmapctl/internal/lint/task_sections.go:95.52,96.40 1 1
github.com/pablontiv/roadmapctl/internal/lint/task_sections.go:96.40,98.4 1 1
github.com/pablontiv/roadmapctl/internal/lint/task_sections.go:100.2,100.14 1 1
github.com/pablontiv/roadmapctl/internal/lint/task_sections.go:103.117,105.19 2 1
github.com/pablontiv/roadmapctl/internal/lint/task_sections.go:105.19,108.3 2 1
github.com/pablontiv/roadmapctl/internal/lint/task_sections.go:109.2,109.127 1 1
github.com/pablontiv/roadmapctl/internal/lint/task_table.go:16.76,19.16 3 1
github.com/pablontiv/roadmapctl/internal/lint/task_table.go:19.16,21.3 1 0
github.com/pablontiv/roadmapctl/internal/lint/task_table.go:22.2,23.32 2 1
github.com/pablontiv/roadmapctl/internal/lint/task_table.go:23.32,24.62 1 1
github.com/pablontiv/roadmapctl/internal/lint/task_table.go:24.62,25.12 1 0
github.com/pablontiv/roadmapctl/internal/lint/task_table.go:27.3,29.17 3 1
github.com/pablontiv/roadmapctl/internal/lint/task_table.go:29.17,31.4 1 0
github.com/pablontiv/roadmapctl/internal/lint/task_table.go:32.3,32.50 1 1
github.com/pablontiv/roadmapctl/internal/lint/task_table.go:34.2,34.19 1 1
github.com/pablontiv/roadmapctl/internal/lint/task_table.go:37.88,40.16 3 1
github.com/pablontiv/roadmapctl/internal/lint/task_table.go:40.16,42.3 1 0
github.com/pablontiv/roadmapctl/internal/lint/task_table.go:43.2,43.21 1 1
github.com/pablontiv/roadmapctl/internal/lint/task_table.go:43.21,45.3 1 0
github.com/pablontiv/roadmapctl/internal/lint/task_table.go:46.2,47.16 2 1
github.com/pablontiv/roadmapctl/internal/lint/task_table.go:47.16,49.3 1 0
github.com/pablontiv/roadmapctl/internal/lint/task_table.go:50.2,51.16 2 1
github.com/pablontiv/roadmapctl/internal/lint/task_table.go:51.16,53.3 1 0
github.com/pablontiv/roadmapctl/internal/lint/task_table.go:54.2,55.18 2 1
github.com/pablontiv/roadmapctl/internal/lint/task_table.go:55.18,58.3 1 1
github.com/pablontiv/roadmapctl/internal/lint/task_table.go:59.2,61.33 3 1
github.com/pablontiv/roadmapctl/internal/lint/task_table.go:61.33,62.58 1 1
github.com/pablontiv/roadmapctl/internal/lint/task_table.go:62.58,64.12 2 0
github.com/pablontiv/roadmapctl/internal/lint/task_table.go:66.3,66.43 1 1
github.com/pablontiv/roadmapctl/internal/lint/task_table.go:66.43,68.35 2 1
github.com/pablontiv/roadmapctl/internal/lint/task_table.go:68.35,70.13 2 1
github.com/pablontiv/roadmapctl/internal/lint/task_table.go:72.4,73.22 2 1
github.com/pablontiv/roadmapctl/internal/lint/task_table.go:73.22,75.5 1 1
github.com/pablontiv/roadmapctl/internal/lint/task_table.go:78.2,78.26 1 1
github.com/pablontiv/roadmapctl/internal/lint/task_table.go:78.26,79.20 1 1
github.com/pablontiv/roadmapctl/internal/lint/task_table.go:79.20,81.4 1 1
github.com/pablontiv/roadmapctl/internal/lint/task_table.go:83.2,84.19 2 1
github.com/pablontiv/roadmapctl/internal/lint/task_table.go:87.68,89.16 2 1
github.com/pablontiv/roadmapctl/internal/lint/task_table.go:89.16,91.3 1 0
github.com/pablontiv/roadmapctl/internal/lint/task_table.go:92.2,93.32 2 1
github.com/pablontiv/roadmapctl/internal/lint/task_table.go:93.32,94.70 1 1
github.com/pablontiv/roadmapctl/internal/lint/task_table.go:94.70,95.12 1 1
github.com/pablontiv/roadmapctl/internal/lint/task_table.go:97.3,97.29 1 1
github.com/pablontiv/roadmapctl/internal/lint/task_table.go:99.2,99.19 1 1
github.com/pablontiv/roadmapctl/internal/lint/task_table.go:102.53,106.2 3 1
github.com/pablontiv/roadmapctl/internal/lint/task_table.go:108.45,110.2 1 1
github.com/pablontiv/roadmapctl/internal/lint/task_table.go:112.120,114.18 2 1
github.com/pablontiv/roadmapctl/internal/lint/task_table.go:114.18,116.3 1 1
github.com/pablontiv/roadmapctl/internal/lint/task_table.go:117.2,117.133 1 1
github.com/pablontiv/roadmapctl/internal/lint/task_table.go:120.47,121.44 1 1
github.com/pablontiv/roadmapctl/internal/lint/task_table.go:121.44,122.37 1 1
github.com/pablontiv/roadmapctl/internal/lint/task_table.go:122.37,124.4 1 1
github.com/pablontiv/roadmapctl/internal/lint/task_table.go:125.3,125.33 1 1
github.com/pablontiv/roadmapctl/internal/lint/task_table.go:125.33,127.4 1 1
github.com/pablontiv/roadmapctl/internal/lint/task_table.go:128.3,128.57 1 0
github.com/pablontiv/roadmapctl/internal/lint/task_table.go:132.54,133.31 1 0
github.com/pablontiv/roadmapctl/internal/lint/task_table.go:133.31,135.3 1 0
github.com/pablontiv/roadmapctl/internal/lint/task_table.go:136.2,137.14 2 0
github.com/pablontiv/roadmapctl/internal/lint/task_table.go:140.47,142.16 2 1
github.com/pablontiv/roadmapctl/internal/lint/task_table.go:142.16,144.3 1 0
github.com/pablontiv/roadmapctl/internal/lint/task_table.go:145.2,145.30 1 1
github.com/pablontiv/roadmapctl/internal/workspace/detect.go:19.40,21.16 2 1
github.com/pablontiv/roadmapctl/internal/workspace/detect.go:21.16,23.3 1 0
github.com/pablontiv/roadmapctl/internal/workspace/detect.go:24.2,25.16 2 1
github.com/pablontiv/roadmapctl/internal/workspace/detect.go:25.16,27.3 1 0
github.com/pablontiv/roadmapctl/internal/workspace/detect.go:28.2,29.32 2 1
github.com/pablontiv/roadmapctl/internal/workspace/detect.go:29.32,30.21 1 1
github.com/pablontiv/roadmapctl/internal/workspace/detect.go:30.21,31.12 1 1
github.com/pablontiv/roadmapctl/internal/workspace/detect.go:33.3,34.70 2 1
github.com/pablontiv/roadmapctl/internal/workspace/detect.go:34.70,36.4 1 1
github.com/pablontiv/roadmapctl/internal/workspace/detect.go:38.2,39.14 2 1
github.com/pablontiv/roadmapctl/internal/workspace/detect.go:48.40,50.16 2 1
github.com/pablontiv/roadmapctl/internal/workspace/detect.go:50.16,52.3 1 0
github.com/pablontiv/roadmapctl/internal/workspace/detect.go:53.2,53.67 1 1
github.com/pablontiv/roadmapctl/internal/workspace/detect.go:53.67,55.3 1 1
github.com/pablontiv/roadmapctl/internal/workspace/detect.go:56.2,56.97 1 1
github.com/pablontiv/roadmapctl/internal/workspace/detect.go:56.97,58.3 1 1
github.com/pablontiv/roadmapctl/internal/workspace/detect.go:59.2,59.13 1 1
github.com/pablontiv/roadmapctl/internal/roadmap/dependencies.go:46.136,50.16 3 1
github.com/pablontiv/roadmapctl/internal/roadmap/dependencies.go:50.16,51.28 1 1
github.com/pablontiv/roadmapctl/internal/roadmap/dependencies.go:51.28,53.4 1 1
github.com/pablontiv/roadmapctl/internal/roadmap/dependencies.go:53.9,55.24 2 1
github.com/pablontiv/roadmapctl/internal/roadmap/dependencies.go:55.24,57.5 1 0
github.com/pablontiv/roadmapctl/internal/roadmap/dependencies.go:57.10,59.5 1 1
github.com/pablontiv/roadmapctl/internal/roadmap/dependencies.go:61.3,61.29 1 1
github.com/pablontiv/roadmapctl/internal/roadmap/dependencies.go:61.29,63.4 1 1
github.com/pablontiv/roadmapctl/internal/roadmap/dependencies.go:64.8,66.3 1 1
github.com/pablontiv/roadmapctl/internal/roadmap/dependencies.go:68.2,71.16 4 1
github.com/pablontiv/roadmapctl/internal/roadmap/dependencies.go:71.16,73.3 1 0
github.com/pablontiv/roadmapctl/internal/roadmap/dependencies.go:73.8,78.3 4 1
github.com/pablontiv/roadmapctl/internal/roadmap/dependencies.go:80.2,82.16 3 1
github.com/pablontiv/roadmapctl/internal/roadmap/dependencies.go:82.16,84.3 1 0
github.com/pablontiv/roadmapctl/internal/roadmap/dependencies.go:84.8,86.3 1 1
github.com/pablontiv/roadmapctl/internal/roadmap/dependencies.go:88.2,89.16 2 1
github.com/pablontiv/roadmapctl/internal/roadmap/dependencies.go:89.16,91.3 1 0
github.com/pablontiv/roadmapctl/internal/roadmap/dependencies.go:91.8,93.3 1 1
github.com/pablontiv/roadmapctl/internal/roadmap/dependencies.go:95.2,95.19 1 1
github.com/pablontiv/roadmapctl/internal/roadmap/dependencies.go:98.63,100.18 2 1
github.com/pablontiv/roadmapctl/internal/roadmap/dependencies.go:100.18,102.3 1 1
github.com/pablontiv/roadmapctl/internal/roadmap/dependencies.go:103.2,103.18 1 1
github.com/pablontiv/roadmapctl/internal/roadmap/dependencies.go:103.18,105.3 1 1
github.com/pablontiv/roadmapctl/internal/roadmap/dependencies.go:106.2,111.4 1 1
github.com/pablontiv/roadmapctl/internal/roadmap/dependencies.go:114.80,116.54 2 1
github.com/pablontiv/roadmapctl/internal/roadmap/dependencies.go:116.54,123.3 1 1
github.com/pablontiv/roadmapctl/internal/roadmap/dependencies.go:124.2,124.61 1 1
github.com/pablontiv/roadmapctl/internal/roadmap/dependencies.go:124.61,126.10 2 1
github.com/pablontiv/roadmapctl/internal/roadmap/dependencies.go:126.10,127.12 1 0
github.com/pablontiv/roadmapctl/internal/roadmap/dependencies.go:129.3,129.61 1 1
github.com/pablontiv/roadmapctl/internal/roadmap/dependencies.go:129.61,130.12 1 0
github.com/pablontiv/roadmapctl/internal/roadmap/dependencies.go:132.3,141.5 1 1
github.com/pablontiv/roadmapctl/internal/roadmap/dependencies.go:143.2,143.14 1 1
github.com/pablontiv/roadmapctl/internal/roadmap/dependencies.go:146.74,148.34 2 1
github.com/pablontiv/roadmapctl/internal/roadmap/dependencies.go:148.34,149.57 1 1
github.com/pablontiv/roadmapctl/internal/roadmap/dependencies.go:149.57,151.4 1 1
github.com/pablontiv/roadmapctl/internal/roadmap/dependencies.go:152.3,153.80 2 1
github.com/pablontiv/roadmapctl/internal/roadmap/dependencies.go:153.80,155.4 1 1
github.com/pablontiv/roadmapctl/internal/roadmap/dependencies.go:156.3,167.4 1 1
github.com/pablontiv/roadmapctl/internal/roadmap/dependencies.go:169.2,175.3 1 0
github.com/pablontiv/roadmapctl/internal/roadmap/dependencies.go:178.93,180.24 2 1
github.com/pablontiv/roadmapctl/internal/roadmap/dependencies.go:180.24,181.31 1 1
github.com/pablontiv/roadmapctl/internal/roadmap/dependencies.go:181.31,183.4 1 0
github.com/pablontiv/roadmapctl/internal/roadmap/dependencies.go:184.3,184.55 1 1
github.com/pablontiv/roadmapctl/internal/roadmap/dependencies.go:184.55,186.4 1 1
github.com/pablontiv/roadmapctl/internal/roadmap/dependencies.go:187.3,187.30 1 1
github.com/pablontiv/roadmapctl/internal/roadmap/dependencies.go:187.30,189.4 1 1
github.com/pablontiv/roadmapctl/internal/roadmap/dependencies.go:191.2,191.15 1 1
github.com/pablontiv/roadmapctl/internal/roadmap/dependencies.go:194.40,197.2 2 1
github.com/pablontiv/roadmapctl/internal/roadmap/dependencies.go:199.52,200.19 1 1
github.com/pablontiv/roadmapctl/internal/roadmap/dependencies.go:201.18,202.42 1 1
github.com/pablontiv/roadmapctl/internal/roadmap/dependencies.go:203.18,204.42 1 0
github.com/pablontiv/roadmapctl/internal/roadmap/dependencies.go:205.15,206.39 1 0
github.com/pablontiv/roadmapctl/internal/roadmap/dependencies.go:207.15,208.39 1 0
github.com/pablontiv/roadmapctl/internal/roadmap/dependencies.go:209.10,210.30 1 0
github.com/pablontiv/roadmapctl/internal/roadmap/dependencies.go:214.59,216.27 2 1
github.com/pablontiv/roadmapctl/internal/roadmap/dependencies.go:216.27,218.10 2 1
github.com/pablontiv/roadmapctl/internal/roadmap/dependencies.go:218.10,220.4 1 0
github.com/pablontiv/roadmapctl/internal/roadmap/dependencies.go:221.3,221.19 1 1
github.com/pablontiv/roadmapctl/internal/roadmap/dependencies.go:223.2,223.29 1 1
github.com/pablontiv/roadmapctl/internal/roadmap/dependencies.go:224.11,225.11 1 0
github.com/pablontiv/roadmapctl/internal/roadmap/dependencies.go:226.15,227.16 1 1
github.com/pablontiv/roadmapctl/internal/roadmap/dependencies.go:228.10,229.11 1 1
github.com/pablontiv/roadmapctl/internal/roadmap/dependencies.go:233.40,234.66 1 1
github.com/pablontiv/roadmapctl/internal/roadmap/dependencies.go:234.66,236.3 1 0
github.com/pablontiv/roadmapctl/internal/roadmap/dependencies.go:237.2,237.19 1 1
github.com/pablontiv/roadmapctl/internal/roadmap/model.go:67.77,69.9 2 1
github.com/pablontiv/roadmapctl/internal/roadmap/model.go:69.9,71.3 1 0
github.com/pablontiv/roadmapctl/internal/roadmap/model.go:72.2,73.58 2 1
github.com/pablontiv/roadmapctl/internal/roadmap/model.go:73.58,75.10 2 1
github.com/pablontiv/roadmapctl/internal/roadmap/model.go:75.10,76.12 1 0
github.com/pablontiv/roadmapctl/internal/roadmap/model.go:78.3,78.34 1 1
github.com/pablontiv/roadmapctl/internal/roadmap/model.go:78.34,80.12 2 1
github.com/pablontiv/roadmapctl/internal/roadmap/model.go:82.3,89.59 3 1
github.com/pablontiv/roadmapctl/internal/roadmap/model.go:89.59,91.46 2 1
github.com/pablontiv/roadmapctl/internal/roadmap/model.go:91.46,92.13 1 0
github.com/pablontiv/roadmapctl/internal/roadmap/model.go:94.4,94.74 1 1
github.com/pablontiv/roadmapctl/internal/roadmap/model.go:97.2,97.17 1 1
github.com/pablontiv/roadmapctl/internal/roadmap/model.go:100.163,102.16 2 1
github.com/pablontiv/roadmapctl/internal/roadmap/model.go:102.16,104.3 1 0
github.com/pablontiv/roadmapctl/internal/roadmap/model.go:105.2,109.53 5 1
github.com/pablontiv/roadmapctl/internal/roadmap/model.go:109.53,111.10 2 1
github.com/pablontiv/roadmapctl/internal/roadmap/model.go:111.10,112.12 1 0
github.com/pablontiv/roadmapctl/internal/roadmap/model.go:114.3,118.66 5 1
github.com/pablontiv/roadmapctl/internal/roadmap/model.go:120.2,120.27 1 1
github.com/pablontiv/roadmapctl/internal/roadmap/model.go:120.27,122.3 1 1
github.com/pablontiv/roadmapctl/internal/roadmap/model.go:123.2,125.29 3 1
github.com/pablontiv/roadmapctl/internal/roadmap/model.go:125.29,127.43 2 1
github.com/pablontiv/roadmapctl/internal/roadmap/model.go:127.43,129.4 1 1
github.com/pablontiv/roadmapctl/internal/roadmap/model.go:130.3,134.43 5 1
github.com/pablontiv/roadmapctl/internal/roadmap/model.go:136.2,136.55 1 1
github.com/pablontiv/roadmapctl/internal/roadmap/model.go:136.55,138.68 2 1
github.com/pablontiv/roadmapctl/internal/roadmap/model.go:138.68,139.12 1 0
github.com/pablontiv/roadmapctl/internal/roadmap/model.go:141.3,143.56 3 1
github.com/pablontiv/roadmapctl/internal/roadmap/model.go:143.56,145.4 1 1
github.com/pablontiv/roadmapctl/internal/roadmap/model.go:146.3,146.56 1 1
github.com/pablontiv/roadmapctl/internal/roadmap/model.go:146.56,148.4 1 1
github.com/pablontiv/roadmapctl/internal/roadmap/model.go:150.2,150.44 1 1
github.com/pablontiv/roadmapctl/internal/roadmap/model.go:153.74,155.53 2 1
github.com/pablontiv/roadmapctl/internal/roadmap/model.go:155.53,157.10 2 1
github.com/pablontiv/roadmapctl/internal/roadmap/model.go:157.10,158.12 1 0
github.com/pablontiv/roadmapctl/internal/roadmap/model.go:160.3,162.73 3 1
github.com/pablontiv/roadmapctl/internal/roadmap/model.go:162.73,163.12 1 0
github.com/pablontiv/roadmapctl/internal/roadmap/model.go:165.3,165.239 1 1
github.com/pablontiv/roadmapctl/internal/roadmap/model.go:167.2,167.14 1 1
github.com/pablontiv/roadmapctl/internal/roadmap/model.go:170.45,171.38 1 1
github.com/pablontiv/roadmapctl/internal/roadmap/model.go:171.38,172.21 1 1
github.com/pablontiv/roadmapctl/internal/roadmap/model.go:172.21,174.4 1 1
github.com/pablontiv/roadmapctl/internal/roadmap/model.go:176.2,176.11 1 0
github.com/pablontiv/roadmapctl/internal/roadmap/model.go:179.69,188.2 1 1
github.com/pablontiv/roadmapctl/internal/roadmap/model.go:192.57,194.55 2 1
github.com/pablontiv/roadmapctl/internal/roadmap/model.go:194.55,195.24 1 1
github.com/pablontiv/roadmapctl/internal/roadmap/model.go:195.24,197.4 1 1
github.com/pablontiv/roadmapctl/internal/roadmap/model.go:199.2,199.56 1 1
github.com/pablontiv/roadmapctl/internal/roadmap/model.go:199.56,200.29 1 0
github.com/pablontiv/roadmapctl/internal/roadmap/model.go:200.29,202.4 1 0
github.com/pablontiv/roadmapctl/internal/roadmap/model.go:204.2,204.15 1 1
github.com/pablontiv/roadmapctl/internal/roadmap/model.go:207.56,210.2 2 1
github.com/pablontiv/roadmapctl/internal/roadmap/model.go:212.57,214.2 1 1
github.com/pablontiv/roadmapctl/internal/roadmap/model.go:216.33,217.27 1 1
github.com/pablontiv/roadmapctl/internal/roadmap/model.go:218.11,219.11 1 1
github.com/pablontiv/roadmapctl/internal/roadmap/model.go:220.15,221.16 1 1
github.com/pablontiv/roadmapctl/internal/roadmap/model.go:222.10,223.11 1 1
github.com/pablontiv/roadmapctl/internal/roadmap/model.go:227.41,228.16 1 1
github.com/pablontiv/roadmapctl/internal/roadmap/model.go:228.16,230.3 1 1
github.com/pablontiv/roadmapctl/internal/roadmap/model.go:231.2,231.47 1 1
github.com/pablontiv/roadmapctl/internal/roadmap/status.go:8.149,10.29 2 1
github.com/pablontiv/roadmapctl/internal/roadmap/status.go:10.29,12.3 1 1
github.com/pablontiv/roadmapctl/internal/roadmap/status.go:13.2,14.26 2 1
github.com/pablontiv/roadmapctl/internal/roadmap/status.go:14.26,16.3 1 1
github.com/pablontiv/roadmapctl/internal/roadmap/status.go:18.2,19.55 2 1
github.com/pablontiv/roadmapctl/internal/roadmap/status.go:19.55,21.10 2 1
github.com/pablontiv/roadmapctl/internal/roadmap/status.go:21.10,22.12 1 0
github.com/pablontiv/roadmapctl/internal/roadmap/status.go:24.3,27.47 4 1
github.com/pablontiv/roadmapctl/internal/roadmap/status.go:27.47,35.4 1 1
github.com/pablontiv/roadmapctl/internal/roadmap/status.go:36.3,37.40 2 1
github.com/pablontiv/roadmapctl/internal/roadmap/status.go:37.40,45.4 1 1
github.com/pablontiv/roadmapctl/internal/roadmap/status.go:47.2,47.14 1 1
github.com/pablontiv/roadmapctl/internal/roadmap/status.go:50.103,51.52 1 1
github.com/pablontiv/roadmapctl/internal/roadmap/status.go:51.52,53.3 1 1
github.com/pablontiv/roadmapctl/internal/roadmap/status.go:54.2,57.34 4 1
github.com/pablontiv/roadmapctl/internal/roadmap/status.go:57.34,58.50 1 1
github.com/pablontiv/roadmapctl/internal/roadmap/status.go:58.50,59.12 1 0
github.com/pablontiv/roadmapctl/internal/roadmap/status.go:61.3,62.16 2 1
github.com/pablontiv/roadmapctl/internal/roadmap/status.go:62.16,63.12 1 0
github.com/pablontiv/roadmapctl/internal/roadmap/status.go:65.3,73.5 3 1
github.com/pablontiv/roadmapctl/internal/roadmap/status.go:75.2,75.14 1 1
github.com/pablontiv/roadmapctl/internal/roadmap/status.go:78.79,79.68 1 1
github.com/pablontiv/roadmapctl/internal/roadmap/status.go:79.68,81.3 1 1
github.com/pablontiv/roadmapctl/internal/roadmap/status.go:82.2,82.63 1 1
github.com/pablontiv/roadmapctl/internal/roadmap/status.go:85.77,87.2 1 1
github.com/pablontiv/roadmapctl/internal/roadmap/status.go:89.77,93.2 3 1
github.com/pablontiv/roadmapctl/internal/roadmap/status.go:95.34,98.2 2 1
github.com/pablontiv/roadmapctl/internal/roadmap/status.go:100.43,103.29 3 1
github.com/pablontiv/roadmapctl/internal/roadmap/status.go:103.29,104.33 1 1
github.com/pablontiv/roadmapctl/internal/roadmap/status.go:104.33,106.4 1 1
github.com/pablontiv/roadmapctl/internal/roadmap/status.go:108.2,108.15 1 1
github.com/pablontiv/roadmapctl/internal/roadmap/status.go:111.60,112.19 1 1
github.com/pablontiv/roadmapctl/internal/roadmap/status.go:112.19,114.3 1 0
github.com/pablontiv/roadmapctl/internal/roadmap/status.go:115.2,116.14 2 1
github.com/pablontiv/roadmapctl/internal/roadmap/status.go:119.49,121.31 2 1
github.com/pablontiv/roadmapctl/internal/roadmap/status.go:121.31,123.3 1 1
github.com/pablontiv/roadmapctl/internal/roadmap/status.go:124.2,124.12 1 1
github.com/pablontiv/roadmapctl/internal/roadmap/status.go:127.87,128.20 1 1
github.com/pablontiv/roadmapctl/internal/roadmap/status.go:128.20,130.3 1 1
github.com/pablontiv/roadmapctl/internal/roadmap/status.go:131.2,132.26 2 1
github.com/pablontiv/roadmapctl/internal/roadmap/status.go:132.26,133.19 1 1
github.com/pablontiv/roadmapctl/internal/roadmap/status.go:133.19,135.4 1 1
github.com/pablontiv/roadmapctl/internal/roadmap/status.go:137.2,137.15 1 1
github.com/pablontiv/roadmapctl/internal/roadmap/structure.go:31.55,33.2 1 1
github.com/pablontiv/roadmapctl/internal/roadmap/structure.go:35.83,38.16 3 1
github.com/pablontiv/roadmapctl/internal/roadmap/structure.go:38.16,40.3 1 0
github.com/pablontiv/roadmapctl/internal/roadmap/structure.go:42.2,47.16 5 1
github.com/pablontiv/roadmapctl/internal/roadmap/structure.go:47.16,49.3 1 0
github.com/pablontiv/roadmapctl/internal/roadmap/structure.go:50.2,52.32 2 1
github.com/pablontiv/roadmapctl/internal/roadmap/structure.go:52.32,54.25 2 1
github.com/pablontiv/roadmapctl/internal/roadmap/structure.go:54.25,55.12 1 1
github.com/pablontiv/roadmapctl/internal/roadmap/structure.go:57.3,59.20 2 1
github.com/pablontiv/roadmapctl/internal/roadmap/structure.go:59.20,61.11 2 1
github.com/pablontiv/roadmapctl/internal/roadmap/structure.go:61.11,63.13 2 0
github.com/pablontiv/roadmapctl/internal/roadmap/structure.go:65.4,65.54 1 1
github.com/pablontiv/roadmapctl/internal/roadmap/structure.go:65.54,67.5 1 1
github.com/pablontiv/roadmapctl/internal/roadmap/structure.go:67.10,69.5 1 1
github.com/pablontiv/roadmapctl/internal/roadmap/structure.go:70.4,71.18 2 1
github.com/pablontiv/roadmapctl/internal/roadmap/structure.go:71.18,73.5 1 0
github.com/pablontiv/roadmapctl/internal/roadmap/structure.go:74.4,75.12 2 1
github.com/pablontiv/roadmapctl/internal/roadmap/structure.go:78.3,78.38 1 1
github.com/pablontiv/roadmapctl/internal/roadmap/structure.go:78.38,79.12 1 0
github.com/pablontiv/roadmapctl/internal/roadmap/structure.go:81.3,81.33 1 1
github.com/pablontiv/roadmapctl/internal/roadmap/structure.go:81.33,83.12 2 1
github.com/pablontiv/roadmapctl/internal/roadmap/structure.go:85.3,86.10 2 1
github.com/pablontiv/roadmapctl/internal/roadmap/structure.go:86.10,88.12 2 0
github.com/pablontiv/roadmapctl/internal/roadmap/structure.go:90.3,90.53 1 1
github.com/pablontiv/roadmapctl/internal/roadmap/structure.go:90.53,92.4 1 1
github.com/pablontiv/roadmapctl/internal/roadmap/structure.go:92.9,94.4 1 1
github.com/pablontiv/roadmapctl/internal/roadmap/structure.go:97.2,97.19 1 1
github.com/pablontiv/roadmapctl/internal/roadmap/structure.go:100.83,102.16 2 1
github.com/pablontiv/roadmapctl/internal/roadmap/structure.go:102.16,104.3 1 0
github.com/pablontiv/roadmapctl/internal/roadmap/structure.go:106.2,108.47 3 1
github.com/pablontiv/roadmapctl/internal/roadmap/structure.go:108.47,109.25 1 1
github.com/pablontiv/roadmapctl/internal/roadmap/structure.go:109.25,111.4 1 1
github.com/pablontiv/roadmapctl/internal/roadmap/structure.go:111.9,113.4 1 0
github.com/pablontiv/roadmapctl/internal/roadmap/structure.go:116.2,117.32 2 1
github.com/pablontiv/roadmapctl/internal/roadmap/structure.go:117.32,119.25 2 1
github.com/pablontiv/roadmapctl/internal/roadmap/structure.go:119.25,120.12 1 0
github.com/pablontiv/roadmapctl/internal/roadmap/structure.go:122.3,123.20 2 1
github.com/pablontiv/roadmapctl/internal/roadmap/structure.go:123.20,125.12 2 1
github.com/pablontiv/roadmapctl/internal/roadmap/structure.go:127.3,127.61 1 1
github.com/pablontiv/roadmapctl/internal/roadmap/structure.go:127.61,128.12 1 1
github.com/pablontiv/roadmapctl/internal/roadmap/structure.go:130.3,130.33 1 1
github.com/pablontiv/roadmapctl/internal/roadmap/structure.go:130.33,132.12 2 0
github.com/pablontiv/roadmapctl/internal/roadmap/structure.go:134.3,135.10 2 1
github.com/pablontiv/roadmapctl/internal/roadmap/structure.go:135.10,137.12 2 0
github.com/pablontiv/roadmapctl/internal/roadmap/structure.go:139.3,139.47 1 1
github.com/pablontiv/roadmapctl/internal/roadmap/structure.go:139.47,141.4 1 1
github.com/pablontiv/roadmapctl/internal/roadmap/structure.go:141.9,143.4 1 1
github.com/pablontiv/roadmapctl/internal/roadmap/structure.go:146.2,146.19 1 1
github.com/pablontiv/roadmapctl/internal/roadmap/structure.go:149.84,152.86 3 1
github.com/pablontiv/roadmapctl/internal/roadmap/structure.go:152.86,153.17 1 1
github.com/pablontiv/roadmapctl/internal/roadmap/structure.go:153.17,155.4 1 0
github.com/pablontiv/roadmapctl/internal/roadmap/structure.go:156.3,156.20 1 1
github.com/pablontiv/roadmapctl/internal/roadmap/structure.go:156.20,157.50 1 1
github.com/pablontiv/roadmapctl/internal/roadmap/structure.go:157.50,159.5 1 0
github.com/pablontiv/roadmapctl/internal/roadmap/structure.go:160.4,160.14 1 1
github.com/pablontiv/roadmapctl/internal/roadmap/structure.go:162.3,162.46 1 1
github.com/pablontiv/roadmapctl/internal/roadmap/structure.go:162.46,164.4 1 1
github.com/pablontiv/roadmapctl/internal/roadmap/structure.go:165.3,166.17 2 1
github.com/pablontiv/roadmapctl/internal/roadmap/structure.go:166.17,168.4 1 0
github.com/pablontiv/roadmapctl/internal/roadmap/structure.go:169.3,169.73 1 1
github.com/pablontiv/roadmapctl/internal/roadmap/structure.go:169.73,171.103 2 1
github.com/pablontiv/roadmapctl/internal/roadmap/structure.go:171.103,173.5 1 1
github.com/pablontiv/roadmapctl/internal/roadmap/structure.go:175.3,175.13 1 1
github.com/pablontiv/roadmapctl/internal/roadmap/structure.go:177.2,177.16 1 1
github.com/pablontiv/roadmapctl/internal/roadmap/structure.go:177.16,179.3 1 0
github.com/pablontiv/roadmapctl/internal/roadmap/structure.go:180.2,180.19 1 1
github.com/pablontiv/roadmapctl/internal/roadmap/structure.go:183.116,184.40 1 1
github.com/pablontiv/roadmapctl/internal/roadmap/structure.go:184.40,186.3 1 1
github.com/pablontiv/roadmapctl/internal/roadmap/structure.go:187.2,188.87 2 1
github.com/pablontiv/roadmapctl/internal/roadmap/structure.go:188.87,190.3 1 1
github.com/pablontiv/roadmapctl/internal/roadmap/structure.go:191.2,192.16 2 1
github.com/pablontiv/roadmapctl/internal/roadmap/structure.go:192.16,194.3 1 1
github.com/pablontiv/roadmapctl/internal/roadmap/structure.go:195.2,195.18 1 1
github.com/pablontiv/roadmapctl/internal/roadmap/structure.go:195.18,197.3 1 0
github.com/pablontiv/roadmapctl/internal/roadmap/structure.go:198.2,198.51 1 1
github.com/pablontiv/roadmapctl/internal/roadmap/structure.go:198.51,200.3 1 0
github.com/pablontiv/roadmapctl/internal/roadmap/structure.go:201.2,201.28 1 1
github.com/pablontiv/roadmapctl/internal/roadmap/structure.go:204.52,205.109 1 1
github.com/pablontiv/roadmapctl/internal/roadmap/structure.go:205.109,207.3 1 1
github.com/pablontiv/roadmapctl/internal/roadmap/structure.go:208.2,208.90 1 1
github.com/pablontiv/roadmapctl/internal/roadmap/structure.go:211.100,219.2 1 1
github.com/pablontiv/roadmapctl/internal/roadmap/structure.go:221.77,223.2 1 1
github.com/pablontiv/roadmapctl/internal/roadmap/structure.go:225.88,236.2 1 1
github.com/pablontiv/roadmapctl/internal/roadmap/structure.go:238.37,240.2 1 1
github.com/pablontiv/roadmapctl/internal/roadmap/structure.go:242.45,244.2 1 1
github.com/pablontiv/roadmapctl/internal/roadmap/structure.go:246.47,248.16 2 1
github.com/pablontiv/roadmapctl/internal/roadmap/structure.go:248.16,250.3 1 0
github.com/pablontiv/roadmapctl/internal/roadmap/structure.go:251.2,251.30 1 1
github.com/pablontiv/roadmapctl/internal/roadmap/structure.go:255.44,257.23 2 1
github.com/pablontiv/roadmapctl/internal/roadmap/structure.go:257.23,259.3 1 0
github.com/pablontiv/roadmapctl/internal/roadmap/structure.go:260.2,260.25 1 1
github.com/pablontiv/roadmapctl/internal/roadmap/structure.go:264.41,266.23 2 1
github.com/pablontiv/roadmapctl/internal/roadmap/structure.go:266.23,268.3 1 0
github.com/pablontiv/roadmapctl/internal/roadmap/structure.go:269.2,269.25 1 1
github.com/pablontiv/roadmapctl/internal/roadmap/transition.go:39.85,41.17 2 1
github.com/pablontiv/roadmapctl/internal/roadmap/transition.go:41.17,43.3 1 0
github.com/pablontiv/roadmapctl/internal/roadmap/transition.go:44.2,45.48 2 1
github.com/pablontiv/roadmapctl/internal/roadmap/transition.go:45.48,49.3 3 1
github.com/pablontiv/roadmapctl/internal/roadmap/transition.go:50.2,50.51 1 1
github.com/pablontiv/roadmapctl/internal/roadmap/transition.go:50.51,54.3 3 1
github.com/pablontiv/roadmapctl/internal/roadmap/transition.go:55.2,55.40 1 1
github.com/pablontiv/roadmapctl/internal/roadmap/transition.go:55.40,58.24 3 1
github.com/pablontiv/roadmapctl/internal/roadmap/transition.go:58.24,60.4 1 1
github.com/pablontiv/roadmapctl/internal/roadmap/transition.go:61.3,61.77 1 1
github.com/pablontiv/roadmapctl/internal/roadmap/transition.go:61.77,63.4 1 1
github.com/pablontiv/roadmapctl/internal/roadmap/transition.go:65.2,65.42 1 1
github.com/pablontiv/roadmapctl/internal/roadmap/transition.go:65.42,69.3 3 1
github.com/pablontiv/roadmapctl/internal/roadmap/transition.go:70.2,73.15 4 1
github.com/pablontiv/roadmapctl/internal/roadmap/transition.go:76.88,78.17 2 1
github.com/pablontiv/roadmapctl/internal/roadmap/transition.go:78.17,80.3 1 1
github.com/pablontiv/roadmapctl/internal/roadmap/transition.go:81.2,82.48 2 1
github.com/pablontiv/roadmapctl/internal/roadmap/transition.go:82.48,86.3 3 0
github.com/pablontiv/roadmapctl/internal/roadmap/transition.go:87.2,90.15 4 1
github.com/pablontiv/roadmapctl/internal/roadmap/transition.go:93.107,94.44 1 1
github.com/pablontiv/roadmapctl/internal/roadmap/transition.go:94.44,96.3 1 1
github.com/pablontiv/roadmapctl/internal/roadmap/transition.go:97.2,98.17 2 1
github.com/pablontiv/roadmapctl/internal/roadmap/transition.go:98.17,100.3 1 0
github.com/pablontiv/roadmapctl/internal/roadmap/transition.go:101.2,102.43 2 1
github.com/pablontiv/roadmapctl/internal/roadmap/transition.go:102.43,104.3 1 0
github.com/pablontiv/roadmapctl/internal/roadmap/transition.go:105.2,107.15 3 1
github.com/pablontiv/roadmapctl/internal/roadmap/transition.go:110.59,112.2 1 1
github.com/pablontiv/roadmapctl/internal/rootlinecli/client.go:40.32,41.18 1 1
github.com/pablontiv/roadmapctl/internal/rootlinecli/client.go:41.18,43.3 1 0
github.com/pablontiv/roadmapctl/internal/rootlinecli/client.go:44.2,44.49 1 1
github.com/pablontiv/roadmapctl/internal/rootlinecli/client.go:47.32,49.2 1 1
github.com/pablontiv/roadmapctl/internal/rootlinecli/client.go:51.46,53.34 2 1
github.com/pablontiv/roadmapctl/internal/rootlinecli/client.go:53.34,55.3 1 1
github.com/pablontiv/roadmapctl/internal/rootlinecli/client.go:56.2,57.20 2 1
github.com/pablontiv/roadmapctl/internal/rootlinecli/client.go:57.20,59.3 1 0
github.com/pablontiv/roadmapctl/internal/rootlinecli/client.go:60.2,67.3 1 1
github.com/pablontiv/roadmapctl/internal/rootlinecli/client.go:110.35,112.16 2 1
github.com/pablontiv/roadmapctl/internal/rootlinecli/client.go:112.16,114.3 1 1
github.com/pablontiv/roadmapctl/internal/rootlinecli/client.go:115.2,116.21 2 1
github.com/pablontiv/roadmapctl/internal/rootlinecli/client.go:116.21,118.3 1 0
github.com/pablontiv/roadmapctl/internal/rootlinecli/client.go:119.2,125.3 1 1
github.com/pablontiv/roadmapctl/internal/rootlinecli/client.go:128.67,129.16 1 1
github.com/pablontiv/roadmapctl/internal/rootlinecli/client.go:129.16,131.3 1 0
github.com/pablontiv/roadmapctl/internal/rootlinecli/client.go:132.2,132.20 1 1
github.com/pablontiv/roadmapctl/internal/rootlinecli/client.go:132.20,134.3 1 1
github.com/pablontiv/roadmapctl/internal/rootlinecli/client.go:135.2,135.69 1 1
github.com/pablontiv/roadmapctl/internal/rootlinecli/client.go:135.69,137.3 1 1
github.com/pablontiv/roadmapctl/internal/rootlinecli/client.go:138.2,138.52 1 1
github.com/pablontiv/roadmapctl/internal/rootlinecli/client.go:138.52,140.3 1 1
github.com/pablontiv/roadmapctl/internal/rootlinecli/client.go:141.2,145.3 1 1
github.com/pablontiv/roadmapctl/internal/rootlinecli/client.go:148.64,150.16 2 1
github.com/pablontiv/roadmapctl/internal/rootlinecli/client.go:150.16,152.3 1 0
github.com/pablontiv/roadmapctl/internal/rootlinecli/client.go:153.2,153.21 1 1
github.com/pablontiv/roadmapctl/internal/rootlinecli/client.go:156.86,160.2 3 1
github.com/pablontiv/roadmapctl/internal/rootlinecli/client.go:162.85,164.2 1 1
github.com/pablontiv/roadmapctl/internal/rootlinecli/client.go:166.102,168.31 2 1
github.com/pablontiv/roadmapctl/internal/rootlinecli/client.go:168.31,170.3 1 1
github.com/pablontiv/roadmapctl/internal/rootlinecli/client.go:171.2,172.29 2 1
github.com/pablontiv/roadmapctl/internal/rootlinecli/client.go:175.97,177.31 2 1
github.com/pablontiv/roadmapctl/internal/rootlinecli/client.go:177.31,179.3 1 1
github.com/pablontiv/roadmapctl/internal/rootlinecli/client.go:180.2,181.29 2 1
github.com/pablontiv/roadmapctl/internal/rootlinecli/client.go:184.97,186.31 2 1
github.com/pablontiv/roadmapctl/internal/rootlinecli/client.go:186.31,188.3 1 1
github.com/pablontiv/roadmapctl/internal/rootlinecli/client.go:189.2,190.29 2 1
github.com/pablontiv/roadmapctl/internal/rootlinecli/client.go:193.96,195.31 2 1
github.com/pablontiv/roadmapctl/internal/rootlinecli/client.go:195.31,197.3 1 1
github.com/pablontiv/roadmapctl/internal/rootlinecli/client.go:198.2,199.29 2 1
github.com/pablontiv/roadmapctl/internal/rootlinecli/client.go:202.96,206.2 3 1
github.com/pablontiv/roadmapctl/internal/rootlinecli/client.go:208.77,211.2 2 1
github.com/pablontiv/roadmapctl/internal/rootlinecli/client.go:213.73,215.2 1 1
github.com/pablontiv/roadmapctl/internal/rootlinecli/client.go:217.83,221.64 3 1
github.com/pablontiv/roadmapctl/internal/rootlinecli/client.go:221.64,222.20 1 1
github.com/pablontiv/roadmapctl/internal/rootlinecli/client.go:222.20,224.4 1 1
github.com/pablontiv/roadmapctl/internal/rootlinecli/client.go:225.3,225.161 1 1
github.com/pablontiv/roadmapctl/internal/rootlinecli/client.go:227.2,232.11 1 1
github.com/pablontiv/roadmapctl/internal/rootlinecli/client.go:235.74,237.16 2 1
github.com/pablontiv/roadmapctl/internal/rootlinecli/client.go:237.16,239.3 1 0
github.com/pablontiv/roadmapctl/internal/rootlinecli/client.go:241.2,242.19 2 1
github.com/pablontiv/roadmapctl/internal/rootlinecli/client.go:242.20,242.21 0 1
github.com/pablontiv/roadmapctl/internal/rootlinecli/client.go:243.2,243.19 1 1
github.com/pablontiv/roadmapctl/internal/rootlinecli/client.go:243.19,245.3 1 1
github.com/pablontiv/roadmapctl/internal/rootlinecli/client.go:246.2,254.16 3 1
github.com/pablontiv/roadmapctl/internal/rootlinecli/client.go:254.16,255.104 1 1
github.com/pablontiv/roadmapctl/internal/rootlinecli/client.go:255.104,257.4 1 1
github.com/pablontiv/roadmapctl/internal/rootlinecli/client.go:258.3,258.182 1 1
github.com/pablontiv/roadmapctl/internal/rootlinecli/client.go:260.2,260.20 1 1
github.com/pablontiv/roadmapctl/internal/rootlinecli/client.go:263.53,265.141 2 1
github.com/pablontiv/roadmapctl/internal/rootlinecli/client.go:265.141,267.3 1 1
github.com/pablontiv/roadmapctl/internal/rootlinecli/client.go:268.2,268.23 1 1
github.com/pablontiv/roadmapctl/internal/rootlinecli/client.go:271.43,272.26 1 1
github.com/pablontiv/roadmapctl/internal/rootlinecli/client.go:272.26,274.3 1 1
github.com/pablontiv/roadmapctl/internal/rootlinecli/client.go:275.2,275.29 1 0
github.com/pablontiv/roadmapctl/internal/rootlinecli/client.go:280.77,292.62 10 1
github.com/pablontiv/roadmapctl/internal/rootlinecli/client.go:292.62,294.3 1 1
github.com/pablontiv/roadmapctl/internal/rootlinecli/client.go:295.2,295.20 1 1
github.com/pablontiv/roadmapctl/internal/rootlinecli/client.go:298.67,299.61 1 1
github.com/pablontiv/roadmapctl/internal/rootlinecli/client.go:299.61,300.25 1 1
github.com/pablontiv/roadmapctl/internal/rootlinecli/client.go:300.25,302.4 1 1
github.com/pablontiv/roadmapctl/internal/rootlinecli/client.go:303.3,303.150 1 0
github.com/pablontiv/roadmapctl/internal/rootlinecli/client.go:305.2,305.50 1 0
github.com/pablontiv/roadmapctl/internal/rootlinecli/client.go:305.50,307.3 1 0
github.com/pablontiv/roadmapctl/internal/rootlinecli/client.go:308.2,308.149 1 0
github.com/pablontiv/roadmapctl/internal/rootlinecli/client.go:311.62,313.21 2 1
github.com/pablontiv/roadmapctl/internal/rootlinecli/client.go:313.21,315.3 1 0
github.com/pablontiv/roadmapctl/internal/rootlinecli/client.go:316.2,316.52 1 1
github.com/pablontiv/roadmapctl/internal/rootlinecli/client.go:316.52,317.16 1 1
github.com/pablontiv/roadmapctl/internal/rootlinecli/client.go:317.16,318.12 1 0
github.com/pablontiv/roadmapctl/internal/rootlinecli/client.go:320.3,320.56 1 1
github.com/pablontiv/roadmapctl/internal/rootlinecli/client.go:320.56,322.26 2 1
github.com/pablontiv/roadmapctl/internal/rootlinecli/client.go:322.26,324.5 1 1
github.com/pablontiv/roadmapctl/internal/rootlinecli/client.go:327.2,327.18 1 1
github.com/pablontiv/roadmapctl/internal/rootlinecli/client.go:330.49,331.77 1 1
github.com/pablontiv/roadmapctl/internal/rootlinecli/client.go:331.77,333.3 1 1
github.com/pablontiv/roadmapctl/internal/rootlinecli/client.go:334.2,334.68 1 0
github.com/pablontiv/roadmapctl/internal/rootlinecli/client.go:337.37,339.32 2 1
github.com/pablontiv/roadmapctl/internal/rootlinecli/client.go:339.32,341.3 1 1
github.com/pablontiv/roadmapctl/internal/rootlinecli/client.go:342.2,342.31 1 1
github.com/pablontiv/roadmapctl/internal/rootlinecli/client.go:342.31,344.3 1 0
github.com/pablontiv/roadmapctl/internal/rootlinecli/client.go:345.2,345.31 1 1
github.com/pablontiv/roadmapctl/internal/rootlinecli/client.go:348.48,350.28 2 1
github.com/pablontiv/roadmapctl/internal/rootlinecli/client.go:350.28,351.39 1 1
github.com/pablontiv/roadmapctl/internal/rootlinecli/client.go:351.39,353.4 1 1
github.com/pablontiv/roadmapctl/internal/rootlinecli/client.go:355.2,355.11 1 1
github.com/pablontiv/roadmapctl/internal/config/config.go:34.32,35.18 1 1
github.com/pablontiv/roadmapctl/internal/config/config.go:35.18,37.3 1 0
github.com/pablontiv/roadmapctl/internal/config/config.go:38.2,38.61 1 1
github.com/pablontiv/roadmapctl/internal/config/config.go:41.32,43.2 1 1
github.com/pablontiv/roadmapctl/internal/config/config.go:102.41,104.16 2 1
github.com/pablontiv/roadmapctl/internal/config/config.go:104.16,106.3 1 0
github.com/pablontiv/roadmapctl/internal/config/config.go:107.2,112.9 5 1
github.com/pablontiv/roadmapctl/internal/config/config.go:113.28,115.55 2 1
github.com/pablontiv/roadmapctl/internal/config/config.go:115.55,117.4 1 1
github.com/pablontiv/roadmapctl/internal/config/config.go:118.3,118.113 1 1
github.com/pablontiv/roadmapctl/internal/config/config.go:119.48,120.134 1 1
github.com/pablontiv/roadmapctl/internal/config/config.go:121.10,122.28 1 1
github.com/pablontiv/roadmapctl/internal/config/config.go:125.2,125.42 1 1
github.com/pablontiv/roadmapctl/internal/config/config.go:125.42,127.3 1 0
github.com/pablontiv/roadmapctl/internal/config/config.go:129.2,130.16 2 1
github.com/pablontiv/roadmapctl/internal/config/config.go:130.16,132.3 1 0
github.com/pablontiv/roadmapctl/internal/config/config.go:133.2,136.17 3 1
github.com/pablontiv/roadmapctl/internal/config/config.go:182.53,184.16 2 1
github.com/pablontiv/roadmapctl/internal/config/config.go:184.16,186.3 1 0
github.com/pablontiv/roadmapctl/internal/config/config.go:187.2,188.55 2 1
github.com/pablontiv/roadmapctl/internal/config/config.go:188.55,190.3 1 1
github.com/pablontiv/roadmapctl/internal/config/config.go:191.2,192.50 2 1
github.com/pablontiv/roadmapctl/internal/config/config.go:192.50,194.3 1 1
github.com/pablontiv/roadmapctl/internal/config/config.go:195.2,195.12 1 1
github.com/pablontiv/roadmapctl/internal/config/config.go:198.68,199.33 1 1
github.com/pablontiv/roadmapctl/internal/config/config.go:199.33,201.3 1 1
github.com/pablontiv/roadmapctl/internal/config/config.go:202.2,202.35 1 1
github.com/pablontiv/roadmapctl/internal/config/config.go:202.35,204.3 1 1
github.com/pablontiv/roadmapctl/internal/config/config.go:205.2,205.30 1 1
github.com/pablontiv/roadmapctl/internal/config/config.go:205.30,207.3 1 1
github.com/pablontiv/roadmapctl/internal/config/config.go:208.2,208.39 1 1
github.com/pablontiv/roadmapctl/internal/config/config.go:208.39,210.3 1 1
github.com/pablontiv/roadmapctl/internal/config/config.go:211.2,211.35 1 1
github.com/pablontiv/roadmapctl/internal/config/config.go:211.35,218.3 2 1
github.com/pablontiv/roadmapctl/internal/config/config.go:219.2,219.31 1 1
github.com/pablontiv/roadmapctl/internal/config/config.go:219.31,221.3 1 1
github.com/pablontiv/roadmapctl/internal/config/config.go:222.2,222.29 1 1
github.com/pablontiv/roadmapctl/internal/config/config.go:222.29,224.3 1 1
github.com/pablontiv/roadmapctl/internal/config/config.go:225.2,225.41 1 1
github.com/pablontiv/roadmapctl/internal/config/config.go:225.41,227.3 1 1
github.com/pablontiv/roadmapctl/internal/config/config.go:228.2,228.33 1 1
github.com/pablontiv/roadmapctl/internal/config/config.go:228.33,230.3 1 1
github.com/pablontiv/roadmapctl/internal/config/config.go:231.2,231.29 1 1
github.com/pablontiv/roadmapctl/internal/config/config.go:231.29,233.3 1 1
github.com/pablontiv/roadmapctl/internal/config/config.go:234.2,234.28 1 1
github.com/pablontiv/roadmapctl/internal/config/config.go:234.28,236.3 1 1
github.com/pablontiv/roadmapctl/internal/config/config.go:237.2,237.43 1 1
github.com/pablontiv/roadmapctl/internal/config/config.go:237.43,239.3 1 1
github.com/pablontiv/roadmapctl/internal/config/config.go:240.2,240.27 1 1
github.com/pablontiv/roadmapctl/internal/config/config.go:240.27,242.3 1 1
github.com/pablontiv/roadmapctl/internal/config/config.go:243.2,243.40 1 1
github.com/pablontiv/roadmapctl/internal/config/config.go:243.40,245.3 1 1
github.com/pablontiv/roadmapctl/internal/config/config.go:246.2,246.42 1 1
github.com/pablontiv/roadmapctl/internal/config/config.go:246.42,248.3 1 1
github.com/pablontiv/roadmapctl/internal/config/config.go:249.2,249.43 1 1
github.com/pablontiv/roadmapctl/internal/config/config.go:249.43,251.3 1 1
github.com/pablontiv/roadmapctl/internal/config/config.go:252.2,252.42 1 1
github.com/pablontiv/roadmapctl/internal/config/config.go:252.42,254.3 1 1
github.com/pablontiv/roadmapctl/internal/config/config.go:255.2,255.40 1 1
github.com/pablontiv/roadmapctl/internal/config/config.go:255.40,257.3 1 1
github.com/pablontiv/roadmapctl/internal/config/config.go:258.2,258.41 1 1
github.com/pablontiv/roadmapctl/internal/config/config.go:258.41,260.3 1 1
github.com/pablontiv/roadmapctl/internal/config/config.go:261.2,261.36 1 1
github.com/pablontiv/roadmapctl/internal/config/config.go:261.36,263.3 1 1
github.com/pablontiv/roadmapctl/internal/config/config.go:264.2,264.37 1 1
github.com/pablontiv/roadmapctl/internal/config/config.go:264.37,266.3 1 1
github.com/pablontiv/roadmapctl/internal/config/config.go:267.2,267.36 1 1
github.com/pablontiv/roadmapctl/internal/config/config.go:267.36,269.3 1 1
github.com/pablontiv/roadmapctl/internal/config/config.go:270.2,270.39 1 1
github.com/pablontiv/roadmapctl/internal/config/config.go:270.39,272.3 1 1
github.com/pablontiv/roadmapctl/internal/config/config.go:273.2,273.38 1 1
github.com/pablontiv/roadmapctl/internal/config/config.go:273.38,275.3 1 1
github.com/pablontiv/roadmapctl/internal/config/config.go:276.2,276.41 1 1
github.com/pablontiv/roadmapctl/internal/config/config.go:276.41,278.3 1 1
github.com/pablontiv/roadmapctl/internal/config/config.go:279.2,279.39 1 1
github.com/pablontiv/roadmapctl/internal/config/config.go:279.39,281.3 1 1
github.com/pablontiv/roadmapctl/internal/config/config.go:282.2,282.40 1 1
github.com/pablontiv/roadmapctl/internal/config/config.go:282.40,284.3 1 1
github.com/pablontiv/roadmapctl/internal/config/config.go:285.2,285.39 1 1
github.com/pablontiv/roadmapctl/internal/config/config.go:285.39,287.3 1 1
github.com/pablontiv/roadmapctl/internal/config/config.go:290.54,305.2 1 1
github.com/pablontiv/roadmapctl/internal/config/config.go:307.60,308.29 1 1
github.com/pablontiv/roadmapctl/internal/config/config.go:308.29,310.3 1 1
github.com/pablontiv/roadmapctl/internal/config/config.go:311.2,311.22 1 1
github.com/pablontiv/roadmapctl/internal/config/config.go:311.22,312.26 1 1
github.com/pablontiv/roadmapctl/internal/config/config.go:312.26,314.4 1 0
github.com/pablontiv/roadmapctl/internal/config/config.go:316.2,316.13 1 1
github.com/pablontiv/roadmapctl/internal/config/config.go:319.35,322.2 2 1
github.com/pablontiv/roadmapctl/internal/config/config.go:324.62,326.16 2 1
github.com/pablontiv/roadmapctl/internal/config/config.go:326.16,328.3 1 0
github.com/pablontiv/roadmapctl/internal/config/config.go:329.2,330.35 2 1
github.com/pablontiv/roadmapctl/internal/config/config.go:333.41,366.2 1 1
github.com/pablontiv/roadmapctl/internal/config/config.go:368.53,369.68 1 1
github.com/pablontiv/roadmapctl/internal/config/config.go:369.68,371.3 1 1
github.com/pablontiv/roadmapctl/internal/config/config.go:372.2,372.26 1 1
github.com/pablontiv/roadmapctl/internal/config/config.go:372.26,374.3 1 1
github.com/pablontiv/roadmapctl/internal/config/config.go:375.2,375.22 1 1
github.com/pablontiv/roadmapctl/internal/config/config.go:376.44,377.13 1 1
github.com/pablontiv/roadmapctl/internal/config/config.go:378.10,379.130 1 1
github.com/pablontiv/roadmapctl/internal/cli/bootstrap.go:88.127,97.55 3 1
github.com/pablontiv/roadmapctl/internal/cli/bootstrap.go:97.55,100.55 3 1
github.com/pablontiv/roadmapctl/internal/cli/bootstrap.go:100.55,102.40 2 1
github.com/pablontiv/roadmapctl/internal/cli/bootstrap.go:102.40,104.17 2 1
github.com/pablontiv/roadmapctl/internal/cli/bootstrap.go:104.17,106.30 2 1
github.com/pablontiv/roadmapctl/internal/cli/bootstrap.go:106.30,109.8 2 1
github.com/pablontiv/roadmapctl/internal/cli/bootstrap.go:110.12,113.7 2 1
github.com/pablontiv/roadmapctl/internal/cli/bootstrap.go:116.4,117.14 2 1
github.com/pablontiv/roadmapctl/internal/cli/bootstrap.go:120.2,124.12 5 1
github.com/pablontiv/roadmapctl/internal/cli/bootstrap.go:127.117,128.212 1 1
github.com/pablontiv/roadmapctl/internal/cli/bootstrap.go:128.212,132.3 3 1
github.com/pablontiv/roadmapctl/internal/cli/bootstrap.go:135.114,138.227 3 1
github.com/pablontiv/roadmapctl/internal/cli/bootstrap.go:138.227,139.22 1 1
github.com/pablontiv/roadmapctl/internal/cli/bootstrap.go:139.22,141.4 1 1
github.com/pablontiv/roadmapctl/internal/cli/bootstrap.go:142.3,144.13 3 1
github.com/pablontiv/roadmapctl/internal/cli/bootstrap.go:146.2,148.12 3 1
github.com/pablontiv/roadmapctl/internal/cli/bootstrap.go:151.82,154.32 3 1
github.com/pablontiv/roadmapctl/internal/cli/bootstrap.go:154.32,157.3 2 1
github.com/pablontiv/roadmapctl/internal/cli/bootstrap.go:158.2,159.15 2 1
github.com/pablontiv/roadmapctl/internal/cli/bootstrap.go:162.91,165.32 3 1
github.com/pablontiv/roadmapctl/internal/cli/bootstrap.go:165.32,167.3 1 1
github.com/pablontiv/roadmapctl/internal/cli/bootstrap.go:168.2,168.34 1 1
github.com/pablontiv/roadmapctl/internal/cli/bootstrap.go:168.34,171.12 3 1
github.com/pablontiv/roadmapctl/internal/cli/bootstrap.go:171.12,173.36 2 1
github.com/pablontiv/roadmapctl/internal/cli/bootstrap.go:173.36,178.5 4 1
github.com/pablontiv/roadmapctl/internal/cli/bootstrap.go:181.2,182.15 2 1
github.com/pablontiv/roadmapctl/internal/cli/bootstrap.go:185.74,188.16 3 1
github.com/pablontiv/roadmapctl/internal/cli/bootstrap.go:188.16,190.3 1 0
github.com/pablontiv/roadmapctl/internal/cli/bootstrap.go:191.2,191.31 1 1
github.com/pablontiv/roadmapctl/internal/cli/bootstrap.go:194.70,197.34 3 1
github.com/pablontiv/roadmapctl/internal/cli/bootstrap.go:197.34,198.50 1 1
github.com/pablontiv/roadmapctl/internal/cli/bootstrap.go:198.50,200.4 1 1
github.com/pablontiv/roadmapctl/internal/cli/bootstrap.go:202.2,202.16 1 1
github.com/pablontiv/roadmapctl/internal/cli/bootstrap.go:205.117,207.56 2 1
github.com/pablontiv/roadmapctl/internal/cli/bootstrap.go:207.56,209.3 1 1
github.com/pablontiv/roadmapctl/internal/cli/bootstrap.go:210.2,211.53 2 1
github.com/pablontiv/roadmapctl/internal/cli/bootstrap.go:211.53,213.3 1 1
github.com/pablontiv/roadmapctl/internal/cli/bootstrap.go:214.2,215.55 2 1
github.com/pablontiv/roadmapctl/internal/cli/bootstrap.go:215.55,217.3 1 1
github.com/pablontiv/roadmapctl/internal/cli/bootstrap.go:218.2,218.16 1 1
github.com/pablontiv/roadmapctl/internal/cli/bootstrap.go:221.86,223.33 2 1
github.com/pablontiv/roadmapctl/internal/cli/bootstrap.go:223.33,225.27 2 1
github.com/pablontiv/roadmapctl/internal/cli/bootstrap.go:226.16,227.50 1 1
github.com/pablontiv/roadmapctl/internal/cli/bootstrap.go:227.50,229.5 1 1
github.com/pablontiv/roadmapctl/internal/cli/bootstrap.go:230.17,231.64 1 1
github.com/pablontiv/roadmapctl/internal/cli/bootstrap.go:231.64,233.13 2 1
github.com/pablontiv/roadmapctl/internal/cli/bootstrap.go:235.4,235.75 1 1
github.com/pablontiv/roadmapctl/internal/cli/bootstrap.go:235.75,237.5 1 0
github.com/pablontiv/roadmapctl/internal/cli/bootstrap.go:240.2,240.14 1 1
github.com/pablontiv/roadmapctl/internal/cli/bootstrap.go:243.71,245.2 1 1
github.com/pablontiv/roadmapctl/internal/cli/bootstrap.go:247.135,249.45 2 1
github.com/pablontiv/roadmapctl/internal/cli/bootstrap.go:249.45,251.3 1 1
github.com/pablontiv/roadmapctl/internal/cli/bootstrap.go:252.2,254.16 3 1
github.com/pablontiv/roadmapctl/internal/cli/bootstrap.go:254.16,256.3 1 0
github.com/pablontiv/roadmapctl/internal/cli/bootstrap.go:257.2,257.70 1 1
github.com/pablontiv/roadmapctl/internal/cli/bootstrap.go:260.87,262.58 2 1
github.com/pablontiv/roadmapctl/internal/cli/bootstrap.go:262.58,264.3 1 1
github.com/pablontiv/roadmapctl/internal/cli/bootstrap.go:265.2,266.16 2 1
github.com/pablontiv/roadmapctl/internal/cli/bootstrap.go:266.16,269.3 2 1
github.com/pablontiv/roadmapctl/internal/cli/bootstrap.go:271.2,274.53 4 1
github.com/pablontiv/roadmapctl/internal/cli/bootstrap.go:274.53,276.3 1 0
github.com/pablontiv/roadmapctl/internal/cli/bootstrap.go:276.8,278.3 1 1
github.com/pablontiv/roadmapctl/internal/cli/bootstrap.go:281.2,281.21 1 1
github.com/pablontiv/roadmapctl/internal/cli/bootstrap.go:281.21,283.23 2 1
github.com/pablontiv/roadmapctl/internal/cli/bootstrap.go:283.23,287.27 3 1
github.com/pablontiv/roadmapctl/internal/cli/bootstrap.go:287.27,290.19 2 1
github.com/pablontiv/roadmapctl/internal/cli/bootstrap.go:290.19,293.6 2 0
github.com/pablontiv/roadmapctl/internal/cli/bootstrap.go:298.2,299.153 2 1
github.com/pablontiv/roadmapctl/internal/cli/bootstrap.go:302.109,306.33 4 1
github.com/pablontiv/roadmapctl/internal/cli/bootstrap.go:306.33,308.17 2 1
github.com/pablontiv/roadmapctl/internal/cli/bootstrap.go:308.17,315.12 2 1
github.com/pablontiv/roadmapctl/internal/cli/bootstrap.go:317.3,323.5 1 1
github.com/pablontiv/roadmapctl/internal/cli/bootstrap.go:326.2,327.20 2 1
github.com/pablontiv/roadmapctl/internal/cli/bootstrap.go:327.20,329.54 2 1
github.com/pablontiv/roadmapctl/internal/cli/bootstrap.go:329.54,331.4 1 0
github.com/pablontiv/roadmapctl/internal/cli/bootstrap.go:331.9,333.4 1 1
github.com/pablontiv/roadmapctl/internal/cli/bootstrap.go:336.2,336.21 1 1
github.com/pablontiv/roadmapctl/internal/cli/bootstrap.go:336.21,344.3 1 1
github.com/pablontiv/roadmapctl/internal/cli/bootstrap.go:346.2,358.3 2 1
github.com/pablontiv/roadmapctl/internal/cli/bootstrap.go:361.195,374.16 3 1
github.com/pablontiv/roadmapctl/internal/cli/bootstrap.go:374.16,398.103 18 1
github.com/pablontiv/roadmapctl/internal/cli/bootstrap.go:398.103,406.4 2 1
github.com/pablontiv/roadmapctl/internal/cli/bootstrap.go:408.2,408.15 1 1
github.com/pablontiv/roadmapctl/internal/cli/bootstrap.go:411.127,412.42 1 1
github.com/pablontiv/roadmapctl/internal/cli/bootstrap.go:412.42,415.3 2 0
github.com/pablontiv/roadmapctl/internal/cli/bootstrap.go:417.2,417.17 1 1
github.com/pablontiv/roadmapctl/internal/cli/bootstrap.go:417.17,419.17 2 1
github.com/pablontiv/roadmapctl/internal/cli/bootstrap.go:419.17,422.4 2 0
github.com/pablontiv/roadmapctl/internal/cli/bootstrap.go:423.3,424.17 2 1
github.com/pablontiv/roadmapctl/internal/cli/bootstrap.go:424.17,427.4 2 1
github.com/pablontiv/roadmapctl/internal/cli/bootstrap.go:428.3,429.118 2 1
github.com/pablontiv/roadmapctl/internal/cli/bootstrap.go:431.2,431.22 1 1
github.com/pablontiv/roadmapctl/internal/cli/bootstrap.go:431.22,433.17 2 1
github.com/pablontiv/roadmapctl/internal/cli/bootstrap.go:433.17,436.4 2 0
github.com/pablontiv/roadmapctl/internal/cli/bootstrap.go:437.3,437.35 1 1
github.com/pablontiv/roadmapctl/internal/cli/bootstrap.go:438.8,441.3 1 0
github.com/pablontiv/roadmapctl/internal/cli/bootstrap.go:442.2,442.117 1 1
github.com/pablontiv/roadmapctl/internal/cli/bootstrap.go:445.101,446.42 1 1
github.com/pablontiv/roadmapctl/internal/cli/bootstrap.go:446.42,449.3 2 1
github.com/pablontiv/roadmapctl/internal/cli/bootstrap.go:450.2,450.22 1 1
github.com/pablontiv/roadmapctl/internal/cli/bootstrap.go:450.22,451.64 1 1
github.com/pablontiv/roadmapctl/internal/cli/bootstrap.go:451.64,454.4 2 0
github.com/pablontiv/roadmapctl/internal/cli/bootstrap.go:455.8,457.3 1 1
github.com/pablontiv/roadmapctl/internal/cli/bootstrap.go:458.2,458.117 1 1
github.com/pablontiv/roadmapctl/internal/cli/bootstrap.go:461.64,462.26 1 1
github.com/pablontiv/roadmapctl/internal/cli/bootstrap.go:462.26,464.62 1 1
github.com/pablontiv/roadmapctl/internal/cli/bootstrap.go:464.62,466.4 1 1
github.com/pablontiv/roadmapctl/internal/cli/bootstrap.go:468.2,468.14 1 1
github.com/pablontiv/roadmapctl/internal/cli/bootstrap.go:471.186,474.16 3 1
github.com/pablontiv/roadmapctl/internal/cli/bootstrap.go:474.16,476.3 1 0
github.com/pablontiv/roadmapctl/internal/cli/bootstrap.go:478.2,478.46 1 1
github.com/pablontiv/roadmapctl/internal/cli/bootstrap.go:478.46,486.3 1 1
github.com/pablontiv/roadmapctl/internal/cli/bootstrap.go:488.2,493.10 5 1
github.com/pablontiv/roadmapctl/internal/cli/bootstrap.go:493.10,497.57 4 1
github.com/pablontiv/roadmapctl/internal/cli/bootstrap.go:497.57,499.4 1 1
github.com/pablontiv/roadmapctl/internal/cli/bootstrap.go:502.2,502.77 1 1
github.com/pablontiv/roadmapctl/internal/cli/bootstrap.go:502.77,504.3 1 0
github.com/pablontiv/roadmapctl/internal/cli/bootstrap.go:506.2,509.36 4 1
github.com/pablontiv/roadmapctl/internal/cli/bootstrap.go:509.36,511.3 1 1
github.com/pablontiv/roadmapctl/internal/cli/bootstrap.go:512.2,512.18 1 0
github.com/pablontiv/roadmapctl/internal/cli/bootstrap.go:517.50,522.55 4 1
github.com/pablontiv/roadmapctl/internal/cli/bootstrap.go:522.55,525.55 3 1
github.com/pablontiv/roadmapctl/internal/cli/bootstrap.go:525.55,526.12 1 1
github.com/pablontiv/roadmapctl/internal/cli/bootstrap.go:529.3,529.57 1 1
github.com/pablontiv/roadmapctl/internal/cli/bootstrap.go:529.57,533.27 4 1
github.com/pablontiv/roadmapctl/internal/cli/bootstrap.go:533.27,535.5 1 1
github.com/pablontiv/roadmapctl/internal/cli/bootstrap.go:536.4,536.23 1 1
github.com/pablontiv/roadmapctl/internal/cli/bootstrap.go:536.23,538.5 1 1
github.com/pablontiv/roadmapctl/internal/cli/bootstrap.go:539.4,539.12 1 1
github.com/pablontiv/roadmapctl/internal/cli/bootstrap.go:542.3,542.83 1 1
github.com/pablontiv/roadmapctl/internal/cli/bootstrap.go:542.83,545.44 3 1
github.com/pablontiv/roadmapctl/internal/cli/bootstrap.go:545.44,547.5 1 1
github.com/pablontiv/roadmapctl/internal/cli/bootstrap.go:550.2,550.13 1 1
github.com/pablontiv/roadmapctl/internal/cli/bootstrap.go:555.57,557.31 2 1
github.com/pablontiv/roadmapctl/internal/cli/bootstrap.go:557.31,559.3 1 1
github.com/pablontiv/roadmapctl/internal/cli/bootstrap.go:560.2,561.21 2 1
github.com/pablontiv/roadmapctl/internal/cli/bootstrap.go:561.21,563.3 1 1
github.com/pablontiv/roadmapctl/internal/cli/bootstrap.go:564.2,564.14 1 1
github.com/pablontiv/roadmapctl/internal/cli/bootstrap.go:567.46,568.51 1 1
github.com/pablontiv/roadmapctl/internal/cli/bootstrap.go:568.51,570.3 1 1
github.com/pablontiv/roadmapctl/internal/cli/bootstrap.go:571.2,571.19 1 1
github.com/pablontiv/roadmapctl/internal/cli/bootstrap.go:574.73,575.96 1 1
github.com/pablontiv/roadmapctl/internal/cli/bootstrap.go:575.96,577.3 1 1
github.com/pablontiv/roadmapctl/internal/cli/bootstrap.go:578.2,580.55 3 1
github.com/pablontiv/roadmapctl/internal/cli/bootstrap.go:583.50,586.29 3 1
github.com/pablontiv/roadmapctl/internal/cli/bootstrap.go:586.29,587.33 1 1
github.com/pablontiv/roadmapctl/internal/cli/bootstrap.go:587.33,589.4 1 1
github.com/pablontiv/roadmapctl/internal/cli/bootstrap.go:591.2,591.15 1 1
github.com/pablontiv/roadmapctl/internal/cli/bootstrap.go:596.52,597.55 1 1
github.com/pablontiv/roadmapctl/internal/cli/bootstrap.go:597.55,599.3 1 1
github.com/pablontiv/roadmapctl/internal/cli/bootstrap.go:600.2,600.37 1 1
github.com/pablontiv/roadmapctl/internal/cli/bootstrap.go:606.70,608.51 2 1
github.com/pablontiv/roadmapctl/internal/cli/bootstrap.go:608.51,610.3 1 0
github.com/pablontiv/roadmapctl/internal/cli/bootstrap.go:612.2,613.16 2 1
github.com/pablontiv/roadmapctl/internal/cli/bootstrap.go:613.16,615.3 1 1
github.com/pablontiv/roadmapctl/internal/cli/bootstrap.go:618.2,618.24 1 1
github.com/pablontiv/roadmapctl/internal/cli/bootstrap.go:619.22,620.79 1 1
github.com/pablontiv/roadmapctl/internal/cli/bootstrap.go:621.13,622.78 1 1
github.com/pablontiv/roadmapctl/internal/cli/bootstrap.go:626.2,626.35 1 1
github.com/pablontiv/roadmapctl/internal/cli/bootstrap.go:626.35,628.3 1 1
github.com/pablontiv/roadmapctl/internal/cli/bootstrap.go:629.2,629.30 1 0
github.com/pablontiv/roadmapctl/internal/cli/bootstrap.go:632.91,633.21 1 1
github.com/pablontiv/roadmapctl/internal/cli/bootstrap.go:633.21,635.3 1 1
github.com/pablontiv/roadmapctl/internal/cli/bootstrap.go:637.2,639.9 3 1
github.com/pablontiv/roadmapctl/internal/cli/bootstrap.go:639.9,641.3 1 0
github.com/pablontiv/roadmapctl/internal/cli/bootstrap.go:642.2,643.13 2 1
github.com/pablontiv/roadmapctl/internal/cli/bootstrap.go:643.13,645.3 1 1
github.com/pablontiv/roadmapctl/internal/cli/bootstrap.go:646.2,646.60 1 1
github.com/pablontiv/roadmapctl/internal/cli/bootstrap.go:650.50,651.52 1 1
github.com/pablontiv/roadmapctl/internal/cli/bootstrap.go:651.52,653.3 1 1
github.com/pablontiv/roadmapctl/internal/cli/check.go:13.68,16.16 3 1
github.com/pablontiv/roadmapctl/internal/cli/check.go:16.16,19.3 2 0
github.com/pablontiv/roadmapctl/internal/cli/check.go:21.2,23.16 3 1
github.com/pablontiv/roadmapctl/internal/cli/check.go:23.16,30.3 1 0
github.com/pablontiv/roadmapctl/internal/cli/check.go:31.2,44.16 4 1
github.com/pablontiv/roadmapctl/internal/cli/check.go:44.16,51.3 1 0
github.com/pablontiv/roadmapctl/internal/cli/check.go:51.8,53.3 1 1
github.com/pablontiv/roadmapctl/internal/cli/check.go:55.2,55.84 1 1
github.com/pablontiv/roadmapctl/internal/cli/check.go:58.54,62.34 4 1
github.com/pablontiv/roadmapctl/internal/cli/check.go:62.34,63.47 1 1
github.com/pablontiv/roadmapctl/internal/cli/check.go:63.47,64.12 1 1
github.com/pablontiv/roadmapctl/internal/cli/check.go:66.3,67.40 2 1
github.com/pablontiv/roadmapctl/internal/cli/check.go:69.2,69.15 1 1
github.com/pablontiv/roadmapctl/internal/cli/check.go:72.74,82.41 3 1
github.com/pablontiv/roadmapctl/internal/cli/check.go:82.41,84.3 1 1
github.com/pablontiv/roadmapctl/internal/cli/check.go:85.2,85.43 1 1
github.com/pablontiv/roadmapctl/internal/cli/check.go:85.43,87.3 1 1
github.com/pablontiv/roadmapctl/internal/cli/check.go:88.2,88.15 1 1
github.com/pablontiv/roadmapctl/internal/cli/cli.go:34.85,37.2 2 1
github.com/pablontiv/roadmapctl/internal/cli/cli.go:39.112,45.12 6 1
github.com/pablontiv/roadmapctl/internal/cli/cli.go:45.12,48.3 2 1
github.com/pablontiv/roadmapctl/internal/cli/cli.go:49.2,49.70 1 1
github.com/pablontiv/roadmapctl/internal/cli/cli.go:52.111,56.38 4 1
github.com/pablontiv/roadmapctl/internal/cli/cli.go:56.38,59.3 2 1
github.com/pablontiv/roadmapctl/internal/cli/cli.go:60.2,60.17 1 1
github.com/pablontiv/roadmapctl/internal/cli/cli.go:63.120,71.55 2 1
github.com/pablontiv/roadmapctl/internal/cli/cli.go:71.55,73.4 1 0
github.com/pablontiv/roadmapctl/internal/cli/cli.go:75.2,95.12 19 1
github.com/pablontiv/roadmapctl/internal/cli/cli.go:98.138,105.55 1 1
github.com/pablontiv/roadmapctl/internal/cli/cli.go:105.55,108.4 2 1
github.com/pablontiv/roadmapctl/internal/cli/cli.go:112.116,113.58 1 1
github.com/pablontiv/roadmapctl/internal/cli/cli.go:113.58,116.3 2 1
github.com/pablontiv/roadmapctl/internal/cli/cli.go:118.2,118.20 1 1
github.com/pablontiv/roadmapctl/internal/cli/cli.go:118.20,120.31 2 1
github.com/pablontiv/roadmapctl/internal/cli/cli.go:120.31,121.61 1 1
github.com/pablontiv/roadmapctl/internal/cli/cli.go:121.61,124.5 2 0
github.com/pablontiv/roadmapctl/internal/cli/cli.go:125.4,125.51 1 1
github.com/pablontiv/roadmapctl/internal/cli/cli.go:127.3,127.60 1 0
github.com/pablontiv/roadmapctl/internal/cli/cli.go:127.60,130.4 2 0
github.com/pablontiv/roadmapctl/internal/cli/cli.go:131.3,131.50 1 0
github.com/pablontiv/roadmapctl/internal/cli/cli.go:134.2,134.23 1 1
github.com/pablontiv/roadmapctl/internal/cli/cli.go:134.23,136.31 2 1
github.com/pablontiv/roadmapctl/internal/cli/cli.go:136.31,137.60 1 1
github.com/pablontiv/roadmapctl/internal/cli/cli.go:137.60,140.5 2 0
github.com/pablontiv/roadmapctl/internal/cli/cli.go:141.4,141.128 1 1
github.com/pablontiv/roadmapctl/internal/cli/cli.go:143.3,143.59 1 1
github.com/pablontiv/roadmapctl/internal/cli/cli.go:143.59,146.4 2 0
github.com/pablontiv/roadmapctl/internal/cli/cli.go:147.3,147.127 1 1
github.com/pablontiv/roadmapctl/internal/cli/cli.go:150.2,151.22 2 1
github.com/pablontiv/roadmapctl/internal/cli/cli.go:151.22,153.3 1 1
github.com/pablontiv/roadmapctl/internal/cli/cli.go:154.2,154.21 1 1
github.com/pablontiv/roadmapctl/internal/cli/cli.go:154.21,156.3 1 1
github.com/pablontiv/roadmapctl/internal/cli/cli.go:157.2,157.30 1 1
github.com/pablontiv/roadmapctl/internal/cli/cli.go:157.30,158.60 1 1
github.com/pablontiv/roadmapctl/internal/cli/cli.go:158.60,161.4 2 0
github.com/pablontiv/roadmapctl/internal/cli/cli.go:162.3,162.50 1 1
github.com/pablontiv/roadmapctl/internal/cli/cli.go:164.2,164.59 1 0
github.com/pablontiv/roadmapctl/internal/cli/cli.go:164.59,167.3 2 0
github.com/pablontiv/roadmapctl/internal/cli/cli.go:168.2,168.49 1 0
github.com/pablontiv/roadmapctl/internal/cli/decision.go:39.109,40.215 1 1
github.com/pablontiv/roadmapctl/internal/cli/decision.go:40.215,42.31 2 1
github.com/pablontiv/roadmapctl/internal/cli/decision.go:42.31,43.65 1 1
github.com/pablontiv/roadmapctl/internal/cli/decision.go:43.65,47.5 3 0
github.com/pablontiv/roadmapctl/internal/cli/decision.go:48.9,50.4 1 1
github.com/pablontiv/roadmapctl/internal/cli/decision.go:51.3,52.13 2 1
github.com/pablontiv/roadmapctl/internal/cli/decision.go:56.71,58.16 2 1
github.com/pablontiv/roadmapctl/internal/cli/decision.go:58.16,61.3 2 0
github.com/pablontiv/roadmapctl/internal/cli/decision.go:62.2,64.119 3 1
github.com/pablontiv/roadmapctl/internal/cli/decision.go:67.129,71.35 4 1
github.com/pablontiv/roadmapctl/internal/cli/decision.go:71.35,72.32 1 1
github.com/pablontiv/roadmapctl/internal/cli/decision.go:72.32,73.12 1 1
github.com/pablontiv/roadmapctl/internal/cli/decision.go:75.3,76.24 2 1
github.com/pablontiv/roadmapctl/internal/cli/decision.go:76.24,78.12 2 1
github.com/pablontiv/roadmapctl/internal/cli/decision.go:80.3,82.84 3 1
github.com/pablontiv/roadmapctl/internal/cli/decision.go:84.2,85.46 2 1
github.com/pablontiv/roadmapctl/internal/cli/decision.go:85.46,85.90 1 0
github.com/pablontiv/roadmapctl/internal/cli/decision.go:86.2,87.39 2 1
github.com/pablontiv/roadmapctl/internal/cli/decision.go:87.39,88.22 1 1
github.com/pablontiv/roadmapctl/internal/cli/decision.go:88.22,90.4 1 1
github.com/pablontiv/roadmapctl/internal/cli/decision.go:92.2,94.39 3 1
github.com/pablontiv/roadmapctl/internal/cli/decision.go:94.39,95.29 1 1
github.com/pablontiv/roadmapctl/internal/cli/decision.go:95.29,97.4 1 1
github.com/pablontiv/roadmapctl/internal/cli/decision.go:99.2,100.54 2 1
github.com/pablontiv/roadmapctl/internal/cli/decision.go:103.76,108.23 5 1
github.com/pablontiv/roadmapctl/internal/cli/decision.go:108.23,110.3 1 1
github.com/pablontiv/roadmapctl/internal/cli/decision.go:111.2,111.48 1 1
github.com/pablontiv/roadmapctl/internal/cli/decision.go:111.48,114.3 2 0
github.com/pablontiv/roadmapctl/internal/cli/decision.go:115.2,115.142 1 1
github.com/pablontiv/roadmapctl/internal/cli/decision.go:118.46,119.44 1 1
github.com/pablontiv/roadmapctl/internal/cli/decision.go:119.44,120.39 1 1
github.com/pablontiv/roadmapctl/internal/cli/decision.go:120.39,122.4 1 1
github.com/pablontiv/roadmapctl/internal/cli/decision.go:123.3,123.39 1 1
github.com/pablontiv/roadmapctl/internal/cli/decision.go:127.208,130.2 2 1
github.com/pablontiv/roadmapctl/internal/cli/doctor.go:24.69,30.16 5 1
github.com/pablontiv/roadmapctl/internal/cli/doctor.go:30.16,33.3 2 1
github.com/pablontiv/roadmapctl/internal/cli/doctor.go:35.2,44.16 5 1
github.com/pablontiv/roadmapctl/internal/cli/doctor.go:44.16,46.3 1 1
github.com/pablontiv/roadmapctl/internal/cli/doctor.go:46.8,59.17 3 1
github.com/pablontiv/roadmapctl/internal/cli/doctor.go:59.17,61.4 1 0
github.com/pablontiv/roadmapctl/internal/cli/doctor.go:61.9,63.4 1 1
github.com/pablontiv/roadmapctl/internal/cli/doctor.go:66.2,66.85 1 1
github.com/pablontiv/roadmapctl/internal/cli/doctor.go:69.64,71.55 2 1
github.com/pablontiv/roadmapctl/internal/cli/doctor.go:71.55,72.25 1 0
github.com/pablontiv/roadmapctl/internal/cli/doctor.go:72.25,80.4 1 0
github.com/pablontiv/roadmapctl/internal/cli/doctor.go:80.9,88.4 1 0
github.com/pablontiv/roadmapctl/internal/cli/doctor.go:89.8,89.26 1 1
github.com/pablontiv/roadmapctl/internal/cli/doctor.go:89.26,97.3 1 0
github.com/pablontiv/roadmapctl/internal/cli/doctor.go:99.2,100.48 2 1
github.com/pablontiv/roadmapctl/internal/cli/doctor.go:100.48,101.25 1 1
github.com/pablontiv/roadmapctl/internal/cli/doctor.go:101.25,109.4 1 1
github.com/pablontiv/roadmapctl/internal/cli/doctor.go:109.9,117.4 1 0
github.com/pablontiv/roadmapctl/internal/cli/doctor.go:118.8,118.25 1 1
github.com/pablontiv/roadmapctl/internal/cli/doctor.go:118.25,126.3 1 0
github.com/pablontiv/roadmapctl/internal/cli/doctor.go:127.2,127.14 1 1
github.com/pablontiv/roadmapctl/internal/cli/doctor.go:130.59,132.39 2 1
github.com/pablontiv/roadmapctl/internal/cli/doctor.go:132.39,139.3 1 1
github.com/pablontiv/roadmapctl/internal/cli/doctor.go:140.2,140.14 1 1
github.com/pablontiv/roadmapctl/internal/cli/doctor.go:143.67,145.29 2 1
github.com/pablontiv/roadmapctl/internal/cli/doctor.go:145.29,153.3 1 1
github.com/pablontiv/roadmapctl/internal/cli/doctor.go:154.2,159.3 1 0
github.com/pablontiv/roadmapctl/internal/cli/doctor.go:162.52,164.34 2 1
github.com/pablontiv/roadmapctl/internal/cli/doctor.go:164.34,166.3 1 1
github.com/pablontiv/roadmapctl/internal/cli/doctor.go:167.2,172.3 1 0
github.com/pablontiv/roadmapctl/internal/cli/doctor.go:175.40,177.16 2 1
github.com/pablontiv/roadmapctl/internal/cli/doctor.go:177.16,179.3 1 0
github.com/pablontiv/roadmapctl/internal/cli/doctor.go:180.2,180.28 1 1
github.com/pablontiv/roadmapctl/internal/cli/doctor.go:183.49,184.16 1 1
github.com/pablontiv/roadmapctl/internal/cli/doctor.go:184.16,186.3 1 0
github.com/pablontiv/roadmapctl/internal/cli/doctor.go:187.2,188.113 2 1
github.com/pablontiv/roadmapctl/internal/cli/doctor.go:188.113,190.3 1 0
github.com/pablontiv/roadmapctl/internal/cli/doctor.go:191.2,191.30 1 1
github.com/pablontiv/roadmapctl/internal/cli/doctor.go:194.48,195.66 1 1
github.com/pablontiv/roadmapctl/internal/cli/doctor.go:195.66,197.3 1 0
github.com/pablontiv/roadmapctl/internal/cli/doctor.go:198.2,198.42 1 1
github.com/pablontiv/roadmapctl/internal/cli/lint.go:13.67,16.16 3 1
github.com/pablontiv/roadmapctl/internal/cli/lint.go:16.16,18.3 1 0
github.com/pablontiv/roadmapctl/internal/cli/lint.go:19.2,24.4 2 1
github.com/pablontiv/roadmapctl/internal/cli/lint.go:24.4,26.17 2 1
github.com/pablontiv/roadmapctl/internal/cli/lint.go:26.17,28.12 2 0
github.com/pablontiv/roadmapctl/internal/cli/lint.go:30.3,30.45 1 1
github.com/pablontiv/roadmapctl/internal/cli/lint.go:32.2,34.16 3 1
github.com/pablontiv/roadmapctl/internal/cli/lint.go:34.16,36.3 1 0
github.com/pablontiv/roadmapctl/internal/cli/lint.go:36.8,39.3 2 1
github.com/pablontiv/roadmapctl/internal/cli/lint.go:40.2,40.83 1 1
github.com/pablontiv/roadmapctl/internal/cli/next.go:35.105,37.221 2 1
github.com/pablontiv/roadmapctl/internal/cli/next.go:37.221,39.31 2 1
github.com/pablontiv/roadmapctl/internal/cli/next.go:39.31,40.65 1 1
github.com/pablontiv/roadmapctl/internal/cli/next.go:40.65,44.5 3 0
github.com/pablontiv/roadmapctl/internal/cli/next.go:45.9,47.4 1 1
github.com/pablontiv/roadmapctl/internal/cli/next.go:48.3,49.13 2 1
github.com/pablontiv/roadmapctl/internal/cli/next.go:51.2,52.12 2 1
github.com/pablontiv/roadmapctl/internal/cli/next.go:55.74,57.16 2 1
github.com/pablontiv/roadmapctl/internal/cli/next.go:57.16,60.3 2 0
github.com/pablontiv/roadmapctl/internal/cli/next.go:61.2,64.35 4 1
github.com/pablontiv/roadmapctl/internal/cli/next.go:64.35,65.32 1 1
github.com/pablontiv/roadmapctl/internal/cli/next.go:65.32,66.12 1 1
github.com/pablontiv/roadmapctl/internal/cli/next.go:68.3,69.25 2 1
github.com/pablontiv/roadmapctl/internal/cli/next.go:69.25,71.4 1 1
github.com/pablontiv/roadmapctl/internal/cli/next.go:71.9,73.4 1 1
github.com/pablontiv/roadmapctl/internal/cli/next.go:75.2,75.44 1 1
github.com/pablontiv/roadmapctl/internal/cli/next.go:75.44,75.84 1 1
github.com/pablontiv/roadmapctl/internal/cli/next.go:76.2,76.46 1 1
github.com/pablontiv/roadmapctl/internal/cli/next.go:76.46,76.90 1 0
github.com/pablontiv/roadmapctl/internal/cli/next.go:77.2,77.37 1 1
github.com/pablontiv/roadmapctl/internal/cli/next.go:77.37,79.3 1 1
github.com/pablontiv/roadmapctl/internal/cli/next.go:80.2,80.76 1 1
github.com/pablontiv/roadmapctl/internal/cli/next.go:83.78,85.40 2 1
github.com/pablontiv/roadmapctl/internal/cli/next.go:85.40,87.44 2 1
github.com/pablontiv/roadmapctl/internal/cli/next.go:87.44,89.4 1 1
github.com/pablontiv/roadmapctl/internal/cli/next.go:91.2,92.17 2 1
github.com/pablontiv/roadmapctl/internal/cli/next.go:95.127,98.2 2 1
github.com/pablontiv/roadmapctl/internal/cli/pending.go:42.69,43.23 1 1
github.com/pablontiv/roadmapctl/internal/cli/pending.go:43.23,45.3 1 1
github.com/pablontiv/roadmapctl/internal/cli/pending.go:46.2,47.16 2 1
github.com/pablontiv/roadmapctl/internal/cli/pending.go:47.16,50.3 2 0
github.com/pablontiv/roadmapctl/internal/cli/pending.go:51.2,52.75 2 1
github.com/pablontiv/roadmapctl/internal/cli/pending.go:55.78,61.33 6 1
github.com/pablontiv/roadmapctl/internal/cli/pending.go:61.33,63.34 2 1
github.com/pablontiv/roadmapctl/internal/cli/pending.go:63.34,65.12 2 0
github.com/pablontiv/roadmapctl/internal/cli/pending.go:67.3,69.17 3 1
github.com/pablontiv/roadmapctl/internal/cli/pending.go:69.17,71.12 2 0
github.com/pablontiv/roadmapctl/internal/cli/pending.go:73.3,75.116 3 1
github.com/pablontiv/roadmapctl/internal/cli/pending.go:77.2,77.51 1 1
github.com/pablontiv/roadmapctl/internal/cli/pending.go:77.51,77.105 1 1
github.com/pablontiv/roadmapctl/internal/cli/pending.go:78.2,78.70 1 1
github.com/pablontiv/roadmapctl/internal/cli/pending.go:81.116,83.20 2 1
github.com/pablontiv/roadmapctl/internal/cli/pending.go:83.20,85.3 1 0
github.com/pablontiv/roadmapctl/internal/cli/pending.go:86.2,87.35 2 1
github.com/pablontiv/roadmapctl/internal/cli/pending.go:87.35,88.16 1 1
github.com/pablontiv/roadmapctl/internal/cli/pending.go:88.16,89.12 1 1
github.com/pablontiv/roadmapctl/internal/cli/pending.go:91.3,91.106 1 1
github.com/pablontiv/roadmapctl/internal/cli/pending.go:93.2,93.44 1 1
github.com/pablontiv/roadmapctl/internal/cli/pending.go:93.44,93.84 1 1
github.com/pablontiv/roadmapctl/internal/cli/pending.go:94.2,94.21 1 1
github.com/pablontiv/roadmapctl/internal/cli/pending.go:97.137,100.29 3 1
github.com/pablontiv/roadmapctl/internal/cli/pending.go:100.29,102.3 1 1
github.com/pablontiv/roadmapctl/internal/cli/pending.go:103.2,103.218 1 1
github.com/pablontiv/roadmapctl/internal/cli/pending.go:106.65,108.2 1 1
github.com/pablontiv/roadmapctl/internal/cli/pending.go:110.65,113.2 2 1
github.com/pablontiv/roadmapctl/internal/cli/read_model.go:12.122,16.16 4 1
github.com/pablontiv/roadmapctl/internal/cli/read_model.go:16.16,18.3 1 0
github.com/pablontiv/roadmapctl/internal/cli/read_model.go:19.2,21.16 3 1
github.com/pablontiv/roadmapctl/internal/cli/read_model.go:21.16,23.3 1 0
github.com/pablontiv/roadmapctl/internal/cli/read_model.go:24.2,25.16 2 1
github.com/pablontiv/roadmapctl/internal/cli/read_model.go:25.16,27.3 1 0
github.com/pablontiv/roadmapctl/internal/cli/read_model.go:28.2,28.20 1 1
github.com/pablontiv/roadmapctl/internal/cli/read_model.go:28.20,30.3 1 0
github.com/pablontiv/roadmapctl/internal/cli/read_model.go:31.2,33.21 3 1
github.com/pablontiv/roadmapctl/internal/cli/transition.go:37.111,39.84 2 1
github.com/pablontiv/roadmapctl/internal/cli/transition.go:39.84,42.3 2 1
github.com/pablontiv/roadmapctl/internal/cli/transition.go:43.2,46.12 4 1
github.com/pablontiv/roadmapctl/internal/cli/transition.go:49.147,52.231 3 1
github.com/pablontiv/roadmapctl/internal/cli/transition.go:52.231,53.29 1 1
github.com/pablontiv/roadmapctl/internal/cli/transition.go:53.29,56.4 2 1
github.com/pablontiv/roadmapctl/internal/cli/transition.go:57.3,57.60 1 1
github.com/pablontiv/roadmapctl/internal/cli/transition.go:57.60,59.32 2 1
github.com/pablontiv/roadmapctl/internal/cli/transition.go:59.32,61.5 1 1
github.com/pablontiv/roadmapctl/internal/cli/transition.go:61.10,63.5 1 0
github.com/pablontiv/roadmapctl/internal/cli/transition.go:64.4,65.14 2 1
github.com/pablontiv/roadmapctl/internal/cli/transition.go:67.3,68.31 2 1
github.com/pablontiv/roadmapctl/internal/cli/transition.go:68.31,69.65 1 1
github.com/pablontiv/roadmapctl/internal/cli/transition.go:69.65,73.5 3 0
github.com/pablontiv/roadmapctl/internal/cli/transition.go:74.9,76.4 1 0
github.com/pablontiv/roadmapctl/internal/cli/transition.go:77.3,78.13 2 1
github.com/pablontiv/roadmapctl/internal/cli/transition.go:80.2,82.16 3 1
github.com/pablontiv/roadmapctl/internal/cli/transition.go:85.142,88.16 3 1
github.com/pablontiv/roadmapctl/internal/cli/transition.go:88.16,91.3 2 0
github.com/pablontiv/roadmapctl/internal/cli/transition.go:92.2,93.71 2 1
github.com/pablontiv/roadmapctl/internal/cli/transition.go:93.71,95.3 1 1
github.com/pablontiv/roadmapctl/internal/cli/transition.go:96.2,99.16 4 1
github.com/pablontiv/roadmapctl/internal/cli/transition.go:100.28,101.48 1 1
github.com/pablontiv/roadmapctl/internal/cli/transition.go:102.34,103.51 1 1
github.com/pablontiv/roadmapctl/internal/cli/transition.go:104.20,106.25 2 1
github.com/pablontiv/roadmapctl/internal/cli/transition.go:106.25,108.4 1 1
github.com/pablontiv/roadmapctl/internal/cli/transition.go:108.9,110.4 1 1
github.com/pablontiv/roadmapctl/internal/cli/transition.go:111.10,112.217 1 0
github.com/pablontiv/roadmapctl/internal/cli/transition.go:114.2,116.56 3 1
github.com/pablontiv/roadmapctl/internal/cli/transition.go:116.56,118.3 1 1
github.com/pablontiv/roadmapctl/internal/cli/transition.go:119.2,119.81 1 1
github.com/pablontiv/roadmapctl/internal/cli/transition.go:122.145,124.32 2 1
github.com/pablontiv/roadmapctl/internal/cli/transition.go:124.32,127.17 3 1
github.com/pablontiv/roadmapctl/internal/cli/transition.go:127.17,130.12 3 0
github.com/pablontiv/roadmapctl/internal/cli/transition.go:132.3,133.117 2 1
github.com/pablontiv/roadmapctl/internal/cli/transition.go:133.117,136.4 2 0
github.com/pablontiv/roadmapctl/internal/cli/transition.go:138.2,141.34 4 1
github.com/pablontiv/roadmapctl/internal/cli/transition.go:141.34,143.3 1 1
github.com/pablontiv/roadmapctl/internal/cli/transition.go:144.2,145.15 2 1
github.com/pablontiv/roadmapctl/internal/cli/transition.go:148.166,149.50 1 1
github.com/pablontiv/roadmapctl/internal/cli/transition.go:149.50,151.3 1 1
github.com/pablontiv/roadmapctl/internal/cli/transition.go:152.2,154.16 3 1
github.com/pablontiv/roadmapctl/internal/cli/transition.go:154.16,159.3 4 0
github.com/pablontiv/roadmapctl/internal/cli/transition.go:160.2,160.73 1 1
github.com/pablontiv/roadmapctl/internal/cli/transition.go:160.73,161.36 1 1
github.com/pablontiv/roadmapctl/internal/cli/transition.go:161.36,163.4 1 1
github.com/pablontiv/roadmapctl/internal/cli/transition.go:165.2,168.15 4 0
github.com/pablontiv/roadmapctl/internal/cli/transition.go:171.73,172.19 1 1
github.com/pablontiv/roadmapctl/internal/cli/transition.go:173.17,174.34 1 1
github.com/pablontiv/roadmapctl/internal/cli/transition.go:175.19,176.36 1 1
github.com/pablontiv/roadmapctl/internal/cli/transition.go:177.36,178.37 1 1
github.com/pablontiv/roadmapctl/internal/cli/transition.go:179.19,180.36 1 1
github.com/pablontiv/roadmapctl/internal/cli/transition.go:181.17,182.34 1 1
github.com/pablontiv/roadmapctl/internal/cli/transition.go:183.18,184.35 1 1
github.com/pablontiv/roadmapctl/internal/cli/transition.go:185.10,186.19 1 1
github.com/pablontiv/roadmapctl/internal/cli/transition.go:190.74,191.51 1 1
github.com/pablontiv/roadmapctl/internal/cli/transition.go:191.51,192.66 1 1
github.com/pablontiv/roadmapctl/internal/cli/transition.go:192.66,194.4 1 1
github.com/pablontiv/roadmapctl/internal/cli/transition.go:196.2,196.77 1 1
github.com/pablontiv/roadmapctl/internal/cli/transition.go:199.137,202.2 2 1
